Component: ARM Compiler 5.06 update 6 (build 750) Tool: armlink [4d35ed]

==============================================================================

Section Cross References

    startup_stm32f042x6.o(RESET) refers to startup_stm32f042x6.o(STACK) for __initial_sp
    startup_stm32f042x6.o(RESET) refers to startup_stm32f042x6.o(.text) for Reset_Handler
    startup_stm32f042x6.o(RESET) refers to stm32f0xx_it.o(i.NMI_Handler) for NMI_Handler
    startup_stm32f042x6.o(RESET) refers to stm32f0xx_it.o(i.HardFault_Handler) for HardFault_Handler
    startup_stm32f042x6.o(RESET) refers to stm32f0xx_it.o(i.SVC_Handler) for SVC_Handler
    startup_stm32f042x6.o(RESET) refers to stm32f0xx_it.o(i.PendSV_Handler) for PendSV_Handler
    startup_stm32f042x6.o(RESET) refers to stm32f0xx_it.o(i.SysTick_Handler) for SysTick_Handler
    startup_stm32f042x6.o(RESET) refers to stm32f0xx_it.o(i.TIM2_IRQHandler) for TIM2_IRQHandler
    startup_stm32f042x6.o(RESET) refers to stm32f0xx_it.o(i.CEC_CAN_IRQHandler) for CEC_CAN_IRQHandler
    startup_stm32f042x6.o(.text) refers to startup_stm32f042x6.o(STACK) for __initial_sp
    startup_stm32f042x6.o(.text) refers to system_stm32f0xx.o(i.SystemInit) for SystemInit
    startup_stm32f042x6.o(.text) refers to entry.o(.ARM.Collect$$$$00000000) for __main
    main.o(i.MX_CAN_Init) refers to stm32f0xx_hal_can.o(i.HAL_CAN_Init) for HAL_CAN_Init
    main.o(i.MX_CAN_Init) refers to main.o(.bss) for .bss
    main.o(i.MX_GPIO_Init) refers to stm32f0xx_hal_gpio.o(i.HAL_GPIO_WritePin) for HAL_GPIO_WritePin
    main.o(i.MX_GPIO_Init) refers to stm32f0xx_hal_gpio.o(i.HAL_GPIO_Init) for HAL_GPIO_Init
    main.o(i.MX_SPI1_Init) refers to stm32f0xx_hal_spi.o(i.HAL_SPI_Init) for HAL_SPI_Init
    main.o(i.MX_SPI1_Init) refers to main.o(.bss) for .bss
    main.o(i.MX_TIM2_Init) refers to stm32f0xx_hal_tim.o(i.HAL_TIM_Base_Init) for HAL_TIM_Base_Init
    main.o(i.MX_TIM2_Init) refers to stm32f0xx_hal_tim.o(i.HAL_TIM_ConfigClockSource) for HAL_TIM_ConfigClockSource
    main.o(i.MX_TIM2_Init) refers to stm32f0xx_hal_tim_ex.o(i.HAL_TIMEx_MasterConfigSynchronization) for HAL_TIMEx_MasterConfigSynchronization
    main.o(i.MX_TIM2_Init) refers to main.o(.bss) for .bss
    main.o(i.SystemClock_Config) refers to stm32f0xx_hal_rcc.o(i.HAL_RCC_OscConfig) for HAL_RCC_OscConfig
    main.o(i.SystemClock_Config) refers to stm32f0xx_hal_rcc.o(i.HAL_RCC_ClockConfig) for HAL_RCC_ClockConfig
    main.o(i.SystemClock_Config) refers to stm32f0xx_hal_rcc.o(i.HAL_RCC_GetHCLKFreq) for HAL_RCC_GetHCLKFreq
    main.o(i.SystemClock_Config) refers to uidiv.o(.text) for __aeabi_uidivmod
    main.o(i.SystemClock_Config) refers to stm32f0xx_hal_cortex.o(i.HAL_SYSTICK_Config) for HAL_SYSTICK_Config
    main.o(i.SystemClock_Config) refers to stm32f0xx_hal_cortex.o(i.HAL_SYSTICK_CLKSourceConfig) for HAL_SYSTICK_CLKSourceConfig
    main.o(i.SystemClock_Config) refers to stm32f0xx_hal_cortex.o(i.HAL_NVIC_SetPriority) for HAL_NVIC_SetPriority
    main.o(i.main) refers to stm32f0xx_hal.o(i.HAL_Init) for HAL_Init
    main.o(i.main) refers to main.o(i.SystemClock_Config) for SystemClock_Config
    main.o(i.main) refers to main.o(i.MX_GPIO_Init) for MX_GPIO_Init
    main.o(i.main) refers to main.o(i.MX_CAN_Init) for MX_CAN_Init
    main.o(i.main) refers to main.o(i.MX_SPI1_Init) for MX_SPI1_Init
    main.o(i.main) refers to main.o(i.MX_TIM2_Init) for MX_TIM2_Init
    main.o(i.main) refers to icm20602.o(i.icm20602_init) for icm20602_init
    main.o(i.main) refers to ist8310.o(i.ist8310Init) for ist8310Init
    main.o(i.main) refers to icm20602.o(i.icm_offset_call) for icm_offset_call
    main.o(i.main) refers to stm32f0xx_hal_rcc.o(i.HAL_RCC_GetSysClockFreq) for HAL_RCC_GetSysClockFreq
    main.o(i.main) refers to stm32f0xx_hal_rcc.o(i.HAL_RCC_GetHCLKFreq) for HAL_RCC_GetHCLKFreq
    main.o(i.main) refers to stm32f0xx_hal_rcc.o(i.HAL_RCC_GetPCLK1Freq) for HAL_RCC_GetPCLK1Freq
    main.o(i.main) refers to ist8310.o(i.ist8310_ReadProcess) for ist8310_ReadProcess
    main.o(i.main) refers to madgwick_ahrs.o(i.magYawCal) for magYawCal
    main.o(i.main) refers to main.o(.bss) for .bss
    main.o(i.main) refers to main.o(.data) for .data
    main.o(i.main) refers to ist8310.o(.bss) for mag_data
    icm20602.o(i.icm20602_get_accel) refers to icm20602.o(i.icm20602_get_accel_adc) for icm20602_get_accel_adc
    icm20602.o(i.icm20602_get_accel) refers to fflti.o(.text) for __aeabi_i2f
    icm20602.o(i.icm20602_get_accel) refers to fmul.o(.text) for __aeabi_fmul
    icm20602.o(i.icm20602_get_accel) refers to icm20602.o(.data) for .data
    icm20602.o(i.icm20602_get_accel_adc) refers to icm20602.o(i.icm20602_read_buffer) for icm20602_read_buffer
    icm20602.o(i.icm20602_get_gyro) refers to icm20602.o(i.icm20602_get_gyro_adc) for icm20602_get_gyro_adc
    icm20602.o(i.icm20602_get_gyro) refers to fflti.o(.text) for __aeabi_i2f
    icm20602.o(i.icm20602_get_gyro) refers to fmul.o(.text) for __aeabi_fmul
[...]
    ../clib/microlib/init/entry.s            0x00000000   Number         0  entry5.o ABSOLUTE
    ../clib/microlib/init/entry.s            0x00000000   Number         0  entry7a.o ABSOLUTE
    ../clib/microlib/init/entry.s            0x00000000   Number         0  entry7b.o ABSOLUTE
    ../clib/microlib/init/entry.s            0x00000000   Number         0  entry11a.o ABSOLUTE
    ../clib/microlib/init/entry.s            0x00000000   Number         0  entry10b.o ABSOLUTE
    ../clib/microlib/init/entry.s            0x00000000   Number         0  entry10a.o ABSOLUTE
    ../clib/microlib/init/entry.s            0x00000000   Number         0  entry9a.o ABSOLUTE
    ../clib/microlib/init/entry.s            0x00000000   Number         0  entry8a.o ABSOLUTE
    ../clib/microlib/init/entry.s            0x00000000   Number         0  entry8b.o ABSOLUTE
    ../clib/microlib/init/entry.s            0x00000000   Number         0  entry.o ABSOLUTE
    ../clib/microlib/init/entry.s            0x00000000   Number         0  entry11b.o ABSOLUTE
    ../clib/microlib/init/entry.s            0x00000000   Number         0  entry9b.o ABSOLUTE
    ../clib/microlib/init/entry.s            0x00000000   Number         0  entry2.o ABSOLUTE
    ../clib/microlib/longlong.c              0x00000000   Number         0  llushr.o ABSOLUTE
    ../clib/microlib/longlong.c              0x00000000   Number         0  llsshr.o ABSOLUTE
    ../clib/microlib/longlong.c              0x00000000   Number         0  llshl.o ABSOLUTE
    ../clib/microlib/malloc/malloc.c         0x00000000   Number         0  malloc.o ABSOLUTE
    ../clib/microlib/malloc/malloc.c         0x00000000   Number         0  mallocra.o ABSOLUTE
    ../clib/microlib/malloc/malloc.c         0x00000000   Number         0  malloca.o ABSOLUTE
    ../clib/microlib/malloc/malloc.c         0x00000000   Number         0  mallocr.o ABSOLUTE
    ../clib/microlib/malloc/mvars.c          0x00000000   Number         0  mvars.o ABSOLUTE
    ../clib/microlib/printf/printf.c         0x00000000   Number         0  printfb.o ABSOLUTE
    ../clib/microlib/printf/printf.c         0x00000000   Number         0  printf0.o ABSOLUTE
    ../clib/microlib/printf/printf.c         0x00000000   Number         0  printf1.o ABSOLUTE
    ../clib/microlib/printf/printf.c         0x00000000   Number         0  printf2.o ABSOLUTE
    ../clib/microlib/printf/printf.c         0x00000000   Number         0  printf4.o ABSOLUTE
    ../clib/microlib/printf/printf.c         0x00000000   Number         0  printf5.o ABSOLUTE
    ../clib/microlib/printf/printf.c         0x00000000   Number         0  printf6.o ABSOLUTE
    ../clib/microlib/printf/printf.c         0x00000000   Number         0  printf7.o ABSOLUTE
    ../clib/microlib/printf/printf.c         0x00000000   Number         0  printf8.o ABSOLUTE
    ../clib/microlib/printf/printf.c         0x00000000   Number         0  printf3.o ABSOLUTE
    ../clib/microlib/printf/printf.c         0x00000000   Number         0  printfa.o ABSOLUTE
    ../clib/microlib/printf/stubs.s          0x00000000   Number         0  stubs.o ABSOLUTE
    ../clib/microlib/stdio/fputc.c           0x00000000   Number         0  fputc.o ABSOLUTE
    ../clib/microlib/stdio/semi.s            0x00000000   Number         0  semi.o ABSOLUTE
    ../clib/microlib/stdio/streams.c         0x00000000   Number         0  stdout.o ABSOLUTE
    ../clib/microlib/string/memcpy.c         0x00000000   Number         0  memcpyb.o ABSOLUTE
    ../clib/microlib/string/memcpy.c         0x00000000   Number         0  memcpya.o ABSOLUTE
    ../clib/microlib/stubs.s                 0x00000000   Number         0  iusesemip.o ABSOLUTE
    ../clib/microlib/stubs.s                 0x00000000   Number         0  iusefp.o ABSOLUTE
    ../clib/microlib/unhosted.c              0x00000000   Number         0  uread4.o ABSOLUTE
    ../fplib/microlib/d2f.c                  0x00000000   Number         0  d2f.o ABSOLUTE
    ../fplib/microlib/f2d.c                  0x00000000   Number         0  f2d.o ABSOLUTE
    ../fplib/microlib/fpadd.c                0x00000000   Number         0  dadd.o ABSOLUTE
    ../fplib/microlib/fpadd.c                0x00000000   Number         0  fadd.o ABSOLUTE
    ../fplib/microlib/fpdiv.c                0x00000000   Number         0  ddiv.o ABSOLUTE
    ../fplib/microlib/fpdiv.c                0x00000000   Number         0  fdiv.o ABSOLUTE
    ../fplib/microlib/fpepilogue.c           0x00000000   Number         0  fepilogue.o ABSOLUTE
    ../fplib/microlib/fpepilogue.c           0x00000000   Number         0  depilogue.o ABSOLUTE
    ../fplib/microlib/fpfix.c                0x00000000   Number         0  dfixul.o ABSOLUTE
    ../fplib/microlib/fpflt.c                0x00000000   Number         0  ffltui.o ABSOLUTE
    ../fplib/microlib/fpflt.c                0x00000000   Number         0  fflti.o ABSOLUTE
    ../fplib/microlib/fpmul.c                0x00000000   Number         0  fmul.o ABSOLUTE
    ../fplib/microlib/fpmul.c                0x00000000   Number         0  dmul.o ABSOLUTE
    ../fplib/microlib/fpscalb.c              0x00000000   Number         0  dscalb.o ABSOLUTE
    ../fplib/microlib/fpscalb.c              0x00000000   Number         0  fscalb.o ABSOLUTE
    ../fplib/microlib/fpsqrt.c               0x00000000   Number         0  dsqrt.o ABSOLUTE
    ../mathlib/asin.c                        0x00000000   Number         0  asin.o ABSOLUTE
    ../mathlib/asin.c                        0x00000000   Number         0  asin_x.o ABSOLUTE
    ../mathlib/atan.c                        0x00000000   Number         0  atan_x.o ABSOLUTE
    ../mathlib/atan.c                        0x00000000   Number         0  atan.o ABSOLUTE
    ../mathlib/atan2.c                       0x00000000   Number         0  atan2.o ABSOLUTE
    ../mathlib/atan2.c                       0x00000000   Number         0  atan2_x.o ABSOLUTE
    ../mathlib/dunder.c                      0x00000000   Number         0  dunder.o ABSOLUTE
    ../mathlib/fpclassify.c                  0x00000000   Number         0  fpclassify.o ABSOLUTE
    ../mathlib/poly.c                        0x00000000   Number         0  poly.o ABSOLUTE
    ../mathlib/qnan.c                        0x00000000   Number         0  qnan.o ABSOLUTE
    ../mathlib/sqrt.c                        0x00000000   Number         0  sqrt.o ABSOLUTE
    ../mathlib/sqrt.c                        0x00000000   Number         0  sqrt_x.o ABSOLUTE
    ..\Drivers\STM32F0xx_HAL_Driver\Src\stm32f0xx_hal.c 0x00000000   Number         0  stm32f0xx_hal.o ABSOLUTE
    ..\Drivers\STM32F0xx_HAL_Driver\Src\stm32f0xx_hal_can.c 0x00000000   Number         0  stm32f0xx_hal_can.o ABSOLUTE
    ..\Drivers\STM32F0xx_HAL_Driver\Src\stm32f0xx_hal_cortex.c 0x00000000   Number         0  stm32f0xx_hal_cortex.o ABSOLUTE
    ..\Drivers\STM32F0xx_HAL_Driver\Src\stm32f0xx_hal_dma.c 0x00000000   Number         0  stm32f0xx_hal_dma.o ABSOLUTE
    ..\Drivers\STM32F0xx_HAL_Driver\Src\stm32f0xx_hal_flash.c 0x00000000   Number         0  stm32f0xx_hal_flash.o ABSOLUTE
    ..\Drivers\STM32F0xx_HAL_Driver\Src\stm32f0xx_hal_flash_ex.c 0x00000000   Number         0  stm32f0xx_hal_flash_ex.o ABSOLUTE
    ..\Drivers\STM32F0xx_HAL_Driver\Src\stm32f0xx_hal_gpio.c 0x00000000   Number         0  stm32f0xx_hal_gpio.o ABSOLUTE
    ..\Drivers\STM32F0xx_HAL_Driver\Src\stm32f0xx_hal_i2c.c 0x00000000   Number         0  stm32f0xx_hal_i2c.o ABSOLUTE
    ..\Drivers\STM32F0xx_HAL_Driver\Src\stm32f0xx_hal_i2c_ex.c 0x00000000   Number         0  stm32f0xx_hal_i2c_ex.o ABSOLUTE
    ..\Drivers\STM32F0xx_HAL_Driver\Src\stm32f0xx_hal_pwr.c 0x00000000   Number         0  stm32f0xx_hal_pwr.o ABSOLUTE
    ..\Drivers\STM32F0xx_HAL_Driver\Src\stm32f0xx_hal_pwr_ex.c 0x00000000   Number         0  stm32f0xx_hal_pwr_ex.o ABSOLUTE
    ..\Drivers\STM32F0xx_HAL_Driver\Src\stm32f0xx_hal_rcc.c 0x00000000   Number         0  stm32f0xx_hal_rcc.o ABSOLUTE
    ..\Drivers\STM32F0xx_HAL_Driver\Src\stm32f0xx_hal_rcc_ex.c 0x00000000   Number         0  stm32f0xx_hal_rcc_ex.o ABSOLUTE
    ..\Drivers\STM32F0xx_HAL_Driver\Src\stm32f0xx_hal_spi.c 0x00000000   Number         0  stm32f0xx_hal_spi.o ABSOLUTE
    ..\Drivers\STM32F0xx_HAL_Driver\Src\stm32f0xx_hal_spi_ex.c 0x00000000   Number         0  stm32f0xx_hal_spi_ex.o ABSOLUTE
    ..\Drivers\STM32F0xx_HAL_Driver\Src\stm32f0xx_hal_tim.c 0x00000000   Number         0  stm32f0xx_hal_tim.o ABSOLUTE
    ..\Drivers\STM32F0xx_HAL_Driver\Src\stm32f0xx_hal_tim_ex.c 0x00000000   Number         0  stm32f0xx_hal_tim_ex.o ABSOLUTE
    ..\Src\IMU.c                             0x00000000   Number         0  imu.o ABSOLUTE
    ..\Src\ahrs.c                            0x00000000   Number         0  ahrs.o ABSOLUTE
    ..\Src\can.c                             0x00000000   Number         0  can.o ABSOLUTE
    ..\Src\i2c.c                             0x00000000   Number         0  i2c.o ABSOLUTE
    ..\Src\icm20602.c                        0x00000000   Number         0  icm20602.o ABSOLUTE
    ..\Src\ist8310.c                         0x00000000   Number         0  ist8310.o ABSOLUTE
    ..\Src\kalman_filter.c                   0x00000000   Number         0  kalman_filter.o ABSOLUTE
    ..\Src\madgwick_ahrs.c                   0x00000000   Number         0  madgwick_ahrs.o ABSOLUTE
    ..\Src\main.c                            0x00000000   Number         0  main.o ABSOLUTE
    ..\Src\matrix.c                          0x00000000   Number         0  matrix.o ABSOLUTE
    ..\Src\stm32f0xx_hal_msp.c               0x00000000   Number         0  stm32f0xx_hal_msp.o ABSOLUTE
    ..\Src\stm32f0xx_it.c                    0x00000000   Number         0  stm32f0xx_it.o ABSOLUTE
    ..\Src\timer.c                           0x00000000   Number         0  timer.o ABSOLUTE
    ..\\Src\\ahrs.c                          0x00000000   Number         0  ahrs.o ABSOLUTE
    ..\\Src\\can.c                           0x00000000   Number         0  can.o ABSOLUTE
    ..\\Src\\i2c.c                           0x00000000   Number         0  i2c.o ABSOLUTE
    ..\\Src\\icm20602.c                      0x00000000   Number         0  icm20602.o ABSOLUTE
    ..\\Src\\ist8310.c                       0x00000000   Number         0  ist8310.o ABSOLUTE
    ..\\Src\\kalman_filter.c                 0x00000000   Number         0  kalman_filter.o ABSOLUTE
    ..\\Src\\timer.c                         0x00000000   Number         0  timer.o ABSOLUTE
    ..\\Src\system_stm32f0xx.c               0x00000000   Number         0  system_stm32f0xx.o ABSOLUTE
    cdcmple.s                                0x00000000   Number         0  cdcmple.o ABSOLUTE
    cdrcmple.s                               0x00000000   Number         0  cdrcmple.o ABSOLUTE
    cfcmple.s                                0x00000000   Number         0  cfcmple.o ABSOLUTE
    cfrcmple.s                               0x00000000   Number         0  cfrcmple.o ABSOLUTE
    dc.s                                     0x00000000   Number         0  dc.o ABSOLUTE
    handlers.s                               0x00000000   Number         0  handlers.o ABSOLUTE
    init.s                                   0x00000000   Number         0  init.o ABSOLUTE
    startup_stm32f042x6.s                    0x00000000   Number         0  startup_stm32f042x6.o ABSOLUTE
    RESET                                    0x08000000   Section      192  startup_stm32f042x6.o(RESET)
    .ARM.Collect$$$$00000000                 0x080000c0   Section        0  entry.o(.ARM.Collect$$$$00000000)
    .ARM.Collect$$$$00000001                 0x080000c0   Section        4  entry2.o(.ARM.Collect$$$$00000001)
    .ARM.Collect$$$$00000004                 0x080000c4   Section        4  entry5.o(.ARM.Collect$$$$00000004)
    .ARM.Collect$$$$00000008                 0x080000c8   Section        0  entry7b.o(.ARM.Collect$$$$00000008)
    .ARM.Collect$$$$0000000A                 0x080000c8   Section        0  entry8b.o(.ARM.Collect$$$$0000000A)
    .ARM.Collect$$$$0000000B                 0x080000c8   Section        8  entry9a.o(.ARM.Collect$$$$0000000B)
    .ARM.Collect$$$$0000000D                 0x080000d0   Section        0  entry10a.o(.ARM.Collect$$$$0000000D)
    .ARM.Collect$$$$0000000F                 0x080000d0   Section        0  entry11a.o(.ARM.Collect$$$$0000000F)
    .ARM.Collect$$$$00002712                 0x080000d0   Section        4  entry2.o(.ARM.Collect$$$$00002712)
    __lit__00000000                          0x080000d0   Data           4  entry2.o(.ARM.Collect$$$$00002712)
    .text                                    0x080000d4   Section       88  startup_stm32f042x6.o(.text)
    .text                                    0x0800012c   Section        0  uidiv.o(.text)
    .text                                    0x08000158   Section        0  llushr.o(.text)
    .text                                    0x0800017a   Section        0  uread4.o(.text)
    .text                                    0x0800018e   Section        0  fadd.o(.text)
    .text                                    0x08000240   Section        0  fmul.o(.text)
    .text                                    0x080002ba   Section        0  fdiv.o(.text)
    .text                                    0x08000336   Section        0  fscalb.o(.text)
    .text                                    0x08000350   Section        0  dadd.o(.text)
    .text                                    0x080004b4   Section        0  dmul.o(.text)
    .text                                    0x08000584   Section        0  ddiv.o(.text)
    .text                                    0x08000674   Section        0  fflti.o(.text)
    .text                                    0x0800068a   Section        0  ffltui.o(.text)
    .text                                    0x08000698   Section        0  f2d.o(.text)
    .text                                    0x080006c0   Section       40  cdcmple.o(.text)
    .text                                    0x080006e8   Section       40  cdrcmple.o(.text)
    .text                                    0x08000710   Section        0  d2f.o(.text)
    .text                                    0x08000748   Section       20  cfcmple.o(.text)
    .text                                    0x0800075c   Section        0  llshl.o(.text)
    .text                                    0x0800077c   Section        0  llsshr.o(.text)
    .text                                    0x080007a2   Section        0  fepilogue.o(.text)
    .text                                    0x080007a2   Section        0  iusefp.o(.text)
    .text                                    0x08000824   Section        0  depilogue.o(.text)
    .text                                    0x080008e2   Section        0  dscalb.o(.text)
    .text                                    0x0800090e   Section        0  dsqrt.o(.text)
    .text                                    0x080009b0   Section       36  init.o(.text)
    .text                                    0x080009d4   Section        0  __dczerorl2.o(.text)
    i.CANSendMag                             0x08000a2c   Section        0  can.o(i.CANSendMag)
    i.CAN_Receive_IT                         0x08000a68   Section        0  stm32f0xx_hal_can.o(i.CAN_Receive_IT)
    CAN_Receive_IT                           0x08000a69   Thumb Code   290  stm32f0xx_hal_can.o(i.CAN_Receive_IT)
    i.CEC_CAN_IRQHandler                     0x08000b8c   Section        0  stm32f0xx_it.o(i.CEC_CAN_IRQHandler)
    i.HAL_CAN_ErrorCallback                  0x08000b9c   Section        0  stm32f0xx_hal_can.o(i.HAL_CAN_ErrorCallback)
    i.HAL_CAN_IRQHandler                     0x08000ba0   Section        0  stm32f0xx_hal_can.o(i.HAL_CAN_IRQHandler)
    i.HAL_CAN_Init                           0x08000d98   Section        0  stm32f0xx_hal_can.o(i.HAL_CAN_Init)
    i.HAL_CAN_MspInit                        0x08000ec4   Section        0  stm32f0xx_hal_msp.o(i.HAL_CAN_MspInit)
    i.HAL_CAN_RxCpltCallback                 0x08000f20   Section        0  stm32f0xx_hal_can.o(i.HAL_CAN_RxCpltCallback)
    i.HAL_CAN_Transmit                       0x08000f24   Section        0  stm32f0xx_hal_can.o(i.HAL_CAN_Transmit)
    i.HAL_CAN_TxCpltCallback                 0x080010d0   Section        0  stm32f0xx_hal_can.o(i.HAL_CAN_TxCpltCallback)
    i.HAL_Delay                              0x080010d2   Section        0  stm32f0xx_hal.o(i.HAL_Delay)
    i.HAL_GPIO_Init                          0x080010f0   Section        0  stm32f0xx_hal_gpio.o(i.HAL_GPIO_Init)
    i.HAL_GPIO_ReadPin                       0x0800122c   Section        0  stm32f0xx_hal_gpio.o(i.HAL_GPIO_ReadPin)
    i.HAL_GPIO_WritePin                      0x08001236   Section        0  stm32f0xx_hal_gpio.o(i.HAL_GPIO_WritePin)
    i.HAL_GetTick                            0x08001244   Section        0  stm32f0xx_hal.o(i.HAL_GetTick)
    i.HAL_IncTick                            0x08001250   Section        0  stm32f0xx_hal.o(i.HAL_IncTick)
    i.HAL_Init                               0x08001260   Section        0  stm32f0xx_hal.o(i.HAL_Init)
    i.HAL_InitTick                           0x08001280   Section        0  stm32f0xx_hal.o(i.HAL_InitTick)
    i.HAL_MspInit                            0x080012a4   Section        0  stm32f0xx_hal_msp.o(i.HAL_MspInit)
    i.HAL_NVIC_EnableIRQ                     0x080012f8   Section        0  stm32f0xx_hal_cortex.o(i.HAL_NVIC_EnableIRQ)
    i.HAL_NVIC_SetPriority                   0x0800130c   Section        0  stm32f0xx_hal_cortex.o(i.HAL_NVIC_SetPriority)
    i.HAL_RCC_ClockConfig                    0x08001314   Section        0  stm32f0xx_hal_rcc.o(i.HAL_RCC_ClockConfig)
    i.HAL_RCC_GetHCLKFreq                    0x08001468   Section        0  stm32f0xx_hal_rcc.o(i.HAL_RCC_GetHCLKFreq)
    i.HAL_RCC_GetPCLK1Freq                   0x08001474   Section        0  stm32f0xx_hal_rcc.o(i.HAL_RCC_GetPCLK1Freq)
    i.HAL_RCC_GetSysClockFreq                0x08001494   Section        0  stm32f0xx_hal_rcc.o(i.HAL_RCC_GetSysClockFreq)
    i.HAL_RCC_OscConfig                      0x0800151c   Section        0  stm32f0xx_hal_rcc.o(i.HAL_RCC_OscConfig)
    i.HAL_SPI_Init                           0x080018f4   Section        0  stm32f0xx_hal_spi.o(i.HAL_SPI_Init)
    i.HAL_SPI_MspInit                        0x080019ac   Section        0  stm32f0xx_hal_msp.o(i.HAL_SPI_MspInit)
    i.HAL_SPI_Receive                        0x080019f4   Section        0  stm32f0xx_hal_spi.o(i.HAL_SPI_Receive)
    i.HAL_SPI_Transmit                       0x08001b4c   Section        0  stm32f0xx_hal_spi.o(i.HAL_SPI_Transmit)
    i.HAL_SPI_TransmitReceive                0x08001cbc   Section        0  stm32f0xx_hal_spi.o(i.HAL_SPI_TransmitReceive)
    i.HAL_SYSTICK_CLKSourceConfig            0x08001f04   Section        0  stm32f0xx_hal_cortex.o(i.HAL_SYSTICK_CLKSourceConfig)
    i.HAL_SYSTICK_Callback                   0x08001f1c   Section        0  timer.o(i.HAL_SYSTICK_Callback)
    i.HAL_SYSTICK_Config                     0x080022ec   Section        0  stm32f0xx_hal_cortex.o(i.HAL_SYSTICK_Config)
    i.HAL_SYSTICK_IRQHandler                 0x0800231c   Section        0  stm32f0xx_hal_cortex.o(i.HAL_SYSTICK_IRQHandler)
    i.HAL_TIMEx_BreakCallback                0x08002324   Section        0  stm32f0xx_hal_tim_ex.o(i.HAL_TIMEx_BreakCallback)
    i.HAL_TIMEx_CommutationCallback          0x08002326   Section        0  stm32f0xx_hal_tim_ex.o(i.HAL_TIMEx_CommutationCallback)
    i.HAL_TIMEx_MasterConfigSynchronization  0x08002328   Section        0  stm32f0xx_hal_tim_ex.o(i.HAL_TIMEx_MasterConfigSynchronization)
    i.HAL_TIM_Base_Init                      0x08002370   Section        0  stm32f0xx_hal_tim.o(i.HAL_TIM_Base_Init)
    i.HAL_TIM_Base_MspInit                   0x080023a4   Section        0  stm32f0xx_hal_msp.o(i.HAL_TIM_Base_MspInit)
    i.HAL_TIM_ConfigClockSource              0x080023d8   Section        0  stm32f0xx_hal_tim.o(i.HAL_TIM_ConfigClockSource)
    i.HAL_TIM_IC_CaptureCallback             0x080024c6   Section        0  stm32f0xx_hal_tim.o(i.HAL_TIM_IC_CaptureCallback)
    i.HAL_TIM_IRQHandler                     0x080024c8   Section        0  stm32f0xx_hal_tim.o(i.HAL_TIM_IRQHandler)
    i.HAL_TIM_OC_DelayElapsedCallback        0x0800262a   Section        0  stm32f0xx_hal_tim.o(i.HAL_TIM_OC_DelayElapsedCallback)
    i.HAL_TIM_PWM_PulseFinishedCallback      0x0800262c   Section        0  stm32f0xx_hal_tim.o(i.HAL_TIM_PWM_PulseFinishedCallback)
    i.HAL_TIM_PeriodElapsedCallback          0x0800262e   Section        0  timer.o(i.HAL_TIM_PeriodElapsedCallback)
    i.HAL_TIM_TriggerCallback                0x08002630   Section        0  stm32f0xx_hal_tim.o(i.HAL_TIM_TriggerCallback)
    i.HardFault_Handler                      0x08002632   Section        0  stm32f0xx_it.o(i.HardFault_Handler)
    i.IIC_Ack                                0x08002634   Section        0  i2c.o(i.IIC_Ack)
    i.IIC_NAck                               0x08002660   Section        0  i2c.o(i.IIC_NAck)
    i.IIC_Read_Byte                          0x0800268c   Section        0  i2c.o(i.IIC_Read_Byte)
    i.IIC_SCL                                0x080026e4   Section        0  i2c.o(i.IIC_SCL)
    i.IIC_SDA                                0x08002700   Section        0  i2c.o(i.IIC_SDA)
    i.IIC_Send_Byte                          0x0800271c   Section        0  i2c.o(i.IIC_Send_Byte)
    i.IIC_Start                              0x0800275e   Section        0  i2c.o(i.IIC_Start)
    i.IIC_Stop                               0x0800278a   Section        0  i2c.o(i.IIC_Stop)
    i.IIC_Wait_Ack                           0x080027b8   Section        0  i2c.o(i.IIC_Wait_Ack)
    i.Kalman_Filter_pitch                    0x08002804   Section        0  kalman_filter.o(i.Kalman_Filter_pitch)
    i.Kalman_Filter_yaw                      0x0800298c   Section        0  kalman_filter.o(i.Kalman_Filter_yaw)
    i.MX_CAN_Init                            0x08002b38   Section        0  main.o(i.MX_CAN_Init)
    MX_CAN_Init                              0x08002b39   Thumb Code    66  main.o(i.MX_CAN_Init)
    i.MX_GPIO_Init                           0x08002b84   Section        0  main.o(i.MX_GPIO_Init)
    MX_GPIO_Init                             0x08002b85   Thumb Code   118  main.o(i.MX_GPIO_Init)
    i.MX_SPI1_Init                           0x08002c04   Section        0  main.o(i.MX_SPI1_Init)
    MX_SPI1_Init                             0x08002c05   Thumb Code    66  main.o(i.MX_SPI1_Init)
    i.MX_TIM2_Init                           0x08002c50   Section        0  main.o(i.MX_TIM2_Init)
    MX_TIM2_Init                             0x08002c51   Thumb Code    78  main.o(i.MX_TIM2_Init)
    i.NMI_Handler                            0x08002ca8   Section        0  stm32f0xx_it.o(i.NMI_Handler)
    i.NVIC_SetPriority                       0x08002cac   Section        0  stm32f0xx_hal_cortex.o(i.NVIC_SetPriority)
    NVIC_SetPriority                         0x08002cad   Thumb Code    60  stm32f0xx_hal_cortex.o(i.NVIC_SetPriority)
    i.PendSV_Handler                         0x08002cf0   Section        0  stm32f0xx_it.o(i.PendSV_Handler)
    i.SDA_IN                                 0x08002cf4   Section        0  i2c.o(i.SDA_IN)
    i.SDA_OUT                                0x08002d30   Section        0  i2c.o(i.SDA_OUT)
    i.SPI_EndRxTransaction                   0x08002d68   Section        0  stm32f0xx_hal_spi.o(i.SPI_EndRxTransaction)
    SPI_EndRxTransaction                     0x08002d69   Thumb Code   120  stm32f0xx_hal_spi.o(i.SPI_EndRxTransaction)
    i.SPI_EndRxTxTransaction                 0x08002de0   Section        0  stm32f0xx_hal_spi.o(i.SPI_EndRxTxTransaction)
    SPI_EndRxTxTransaction                   0x08002de1   Thumb Code    76  stm32f0xx_hal_spi.o(i.SPI_EndRxTxTransaction)
    i.SPI_WaitFifoStateUntilTimeout          0x08002e2c   Section        0  stm32f0xx_hal_spi.o(i.SPI_WaitFifoStateUntilTimeout)
    SPI_WaitFifoStateUntilTimeout            0x08002e2d   Thumb Code   150  stm32f0xx_hal_spi.o(i.SPI_WaitFifoStateUntilTimeout)
    i.SPI_WaitFlagStateUntilTimeout          0x08002ec2   Section        0  stm32f0xx_hal_spi.o(i.SPI_WaitFlagStateUntilTimeout)
    SPI_WaitFlagStateUntilTimeout            0x08002ec3   Thumb Code   140  stm32f0xx_hal_spi.o(i.SPI_WaitFlagStateUntilTimeout)
    i.SVC_Handler                            0x08002f4e   Section        0  stm32f0xx_it.o(i.SVC_Handler)
    i.SysTick_Handler                        0x08002f50   Section        0  stm32f0xx_it.o(i.SysTick_Handler)
    i.SystemClock_Config                     0x08002f5c   Section        0  main.o(i.SystemClock_Config)
    i.SystemInit                             0x08002fc0   Section        0  system_stm32f0xx.o(i.SystemInit)
    i.TIM2_IRQHandler                        0x0800301c   Section        0  stm32f0xx_it.o(i.TIM2_IRQHandler)
    i.TIM_Base_SetConfig                     0x0800302c   Section        0  stm32f0xx_hal_tim.o(i.TIM_Base_SetConfig)
    i.TIM_ETR_SetConfig                      0x080030b0   Section        0  stm32f0xx_hal_tim.o(i.TIM_ETR_SetConfig)
    i.TIM_ITRx_SetConfig                     0x080030c6   Section        0  stm32f0xx_hal_tim.o(i.TIM_ITRx_SetConfig)
    TIM_ITRx_SetConfig                       0x080030c7   Thumb Code    16  stm32f0xx_hal_tim.o(i.TIM_ITRx_SetConfig)
    i.TIM_TI1_ConfigInputStage               0x080030d6   Section        0  stm32f0xx_hal_tim.o(i.TIM_TI1_ConfigInputStage)
    TIM_TI1_ConfigInputStage                 0x080030d7   Thumb Code    34  stm32f0xx_hal_tim.o(i.TIM_TI1_ConfigInputStage)
    i.TIM_TI2_ConfigInputStage               0x080030f8   Section        0  stm32f0xx_hal_tim.o(i.TIM_TI2_ConfigInputStage)
    TIM_TI2_ConfigInputStage                 0x080030f9   Thumb Code    38  stm32f0xx_hal_tim.o(i.TIM_TI2_ConfigInputStage)
    i.__ARM_clz                              0x0800311e   Section        0  depilogue.o(i.__ARM_clz)
    i.__ARM_fpclassify                       0x0800314c   Section        0  fpclassify.o(i.__ARM_fpclassify)
    i.__kernel_poly                          0x08003178   Section        0  poly.o(i.__kernel_poly)
    i.__mathlib_dbl_infnan                   0x08003224   Section        0  dunder.o(i.__mathlib_dbl_infnan)
    i.__mathlib_dbl_infnan2                  0x0800322e   Section        0  dunder.o(i.__mathlib_dbl_infnan2)
    i.__mathlib_dbl_underflow                0x08003238   Section        0  dunder.o(i.__mathlib_dbl_underflow)
    i.__scatterload_copy                     0x0800324c   Section       14  handlers.o(i.__scatterload_copy)
    i.__scatterload_null                     0x0800325a   Section        2  handlers.o(i.__scatterload_null)
    i.__scatterload_zeroinit                 0x0800325c   Section       14  handlers.o(i.__scatterload_zeroinit)
    i.__set_errno                            0x0800326c   Section        0  errno.o(i.__set_errno)
    i.atan                                   0x08003278   Section        0  atan.o(i.atan)
    i.atan2                                  0x08003494   Section        0  atan2.o(i.atan2)
    i.delay_us                               0x0800360c   Section        0  timer.o(i.delay_us)
    i.icm20602_get_accel                     0x08003650   Section        0  icm20602.o(i.icm20602_get_accel)
    i.icm20602_get_accel_adc                 0x080036a4   Section        0  icm20602.o(i.icm20602_get_accel_adc)
    i.icm20602_get_gyro                      0x080036e8   Section        0  icm20602.o(i.icm20602_get_gyro)
    i.icm20602_get_gyro_adc                  0x0800373c   Section        0  icm20602.o(i.icm20602_get_gyro_adc)
    i.icm20602_init                          0x08003780   Section        0  icm20602.o(i.icm20602_init)
    i.icm20602_read_buffer                   0x08003864   Section        0  icm20602.o(i.icm20602_read_buffer)
    icm20602_read_buffer                     0x08003865   Thumb Code    64  icm20602.o(i.icm20602_read_buffer)
    i.icm20602_set_accel_fullscale           0x080038ac   Section        0  icm20602.o(i.icm20602_set_accel_fullscale)
    i.icm20602_set_gyro_fullscale            0x080038f8   Section        0  icm20602.o(i.icm20602_set_gyro_fullscale)
    i.icm20602_write_reg                     0x08003948   Section        0  icm20602.o(i.icm20602_write_reg)
    icm20602_write_reg                       0x08003949   Thumb Code    54  icm20602.o(i.icm20602_write_reg)
    i.icm_offset_call                        0x08003988   Section        0  icm20602.o(i.icm_offset_call)
    i.invSqrt                                0x080039ec   Section        0  madgwick_ahrs.o(i.invSqrt)
    i.ist8310Init                            0x08003a20   Section        0  ist8310.o(i.ist8310Init)
    i.ist8310_ReadBuffer                     0x08003a84   Section        0  ist8310.o(i.ist8310_ReadBuffer)
    i.ist8310_ReadOneByte                    0x08003ada   Section        0  ist8310.o(i.ist8310_ReadOneByte)
    i.ist8310_ReadProcess                    0x08003b18   Section        0  ist8310.o(i.ist8310_ReadProcess)
    i.ist8310_WriteOneByte                   0x08003b9c   Section        0  ist8310.o(i.ist8310_WriteOneByte)
    i.magYawCal                              0x08003bcc   Section        0  madgwick_ahrs.o(i.magYawCal)
    i.main                                   0x08003eec   Section        0  main.o(i.main)
    i.sqrt                                   0x08003f50   Section        0  sqrt.o(i.sqrt)
    .constdata                               0x08003f98   Section       16  system_stm32f0xx.o(.constdata)
    .constdata                               0x08003fa8   Section        8  system_stm32f0xx.o(.constdata)
    .constdata                               0x08003fb0   Section      152  atan.o(.constdata)
    atanhi                                   0x08003fb0   Data          32  atan.o(.constdata)
    atanlo                                   0x08003fd0   Data          32  atan.o(.constdata)
    aTodd                                    0x08003ff0   Data          40  atan.o(.constdata)
    aTeven                                   0x08004018   Data          48  atan.o(.constdata)
    .constdata                               0x08004048   Section        8  qnan.o(.constdata)
    .data                                    0x20000000   Section       16  main.o(.data)
    .data                                    0x20000010   Section        8  icm20602.o(.data)
    _accel_scale                             0x20000010   Data           4  icm20602.o(.data)
    _gyro_scale                              0x20000014   Data           4  icm20602.o(.data)
    .data                                    0x20000018   Section       28  ist8310.o(.data)
    .data                                    0x20000038   Section      120  timer.o(.data)
    .data                                    0x200000b0   Section        4  timer.o(.data)
    .data                                    0x200000b4   Section        4  timer.o(.data)
    .data                                    0x200000b8   Section      120  kalman_filter.o(.data)
    .data                                    0x20000130   Section      104  madgwick_ahrs.o(.data)
    first_cal_flag                           0x20000132   Data           1  madgwick_ahrs.o(.data)
    first_cal_flag_lm                        0x20000133   Data           1  madgwick_ahrs.o(.data)
    .data                                    0x20000198   Section        4  stm32f0xx_hal.o(.data)
    .data                                    0x2000019c   Section        4  system_stm32f0xx.o(.data)
    .data                                    0x200001a0   Section        4  errno.o(.data)
    _errno                                   0x200001a0   Data           4  errno.o(.data)
    .bss                                     0x200001a4   Section      308  main.o(.bss)
    .bss                                     0x200002d8   Section       12  ist8310.o(.bss)
    .bss                                     0x200002e4   Section       24  timer.o(.bss)
    .bss                                     0x200002fc   Section       64  kalman_filter.o(.bss)
    .bss                                     0x2000033c   Section      552  madgwick_ahrs.o(.bss)
    STACK                                    0x20000568   Section     1024  startup_stm32f042x6.o(STACK)

    Global Symbols

    Symbol Name                              Value     Ov Type        Size  Object(Section)

    BuildAttributes$$THM_ISAv3M$S$PE$A:L22$X:L11$S22$IEEE1$IW$USESV6$~STKCKD$USESV7$~SHL$OTIME$ROPI$IEEEX$EBA8$MICROLIB$REQ8$PRES8$EABIv2 0x00000000   Number         0  anon$$obj.o ABSOLUTE
    __ARM_use_no_argv                        0x00000000   Number         0  main.o ABSOLUTE
    _printf_a                                0x00000000   Number         0  stubs.o ABSOLUTE
    _printf_c                                0x00000000   Number         0  stubs.o ABSOLUTE
    _printf_charcount                        0x00000000   Number         0  stubs.o ABSOLUTE
    _printf_d                                0x00000000   Number         0  stubs.o ABSOLUTE
    _printf_e                                0x00000000   Number         0  stubs.o ABSOLUTE
    _printf_f                                0x00000000   Number         0  stubs.o ABSOLUTE
    _printf_flags                            0x00000000   Number         0  stubs.o ABSOLUTE
    _printf_fp_dec                           0x00000000   Number         0  stubs.o ABSOLUTE
    _printf_fp_hex                           0x00000000   Number         0  stubs.o ABSOLUTE
    _printf_g                                0x00000000   Number         0  stubs.o ABSOLUTE
    _printf_i                                0x00000000   Number         0  stubs.o ABSOLUTE
    _printf_int_dec                          0x00000000   Number         0  stubs.o ABSOLUTE
    _printf_l                                0x00000000   Number         0  stubs.o ABSOLUTE
    _printf_lc                               0x00000000   Number         0  stubs.o ABSOLUTE
    _printf_ll                               0x00000000   Number         0  stubs.o ABSOLUTE
    _printf_lld                              0x00000000   Number         0  stubs.o ABSOLUTE
    _printf_lli                              0x00000000   Number         0  stubs.o ABSOLUTE
    _printf_llo                              0x00000000   Number         0  stubs.o ABSOLUTE
    _printf_llu                              0x00000000   Number         0  stubs.o ABSOLUTE
    _printf_llx                              0x00000000   Number         0  stubs.o ABSOLUTE
    _printf_longlong_dec                     0x00000000   Number         0  stubs.o ABSOLUTE
    _printf_longlong_hex                     0x00000000   Number         0  stubs.o ABSOLUTE
    _printf_longlong_oct                     0x00000000   Number         0  stubs.o ABSOLUTE
    _printf_ls                               0x00000000   Number         0  stubs.o ABSOLUTE
    _printf_mbtowc                           0x00000000   Number         0  stubs.o ABSOLUTE
    _printf_n                                0x00000000   Number         0  stubs.o ABSOLUTE
    _printf_o                                0x00000000   Number         0  stubs.o ABSOLUTE
    _printf_p                                0x00000000   Number         0  stubs.o ABSOLUTE
    _printf_percent                          0x00000000   Number         0  stubs.o ABSOLUTE
    _printf_pre_padding                      0x00000000   Number         0  stubs.o ABSOLUTE
    _printf_return_value                     0x00000000   Number         0  stubs.o ABSOLUTE
    _printf_s                                0x00000000   Number         0  stubs.o ABSOLUTE
    _printf_sizespec                         0x00000000   Number         0  stubs.o ABSOLUTE
    _printf_str                              0x00000000   Number         0  stubs.o ABSOLUTE
    _printf_truncate_signed                  0x00000000   Number         0  stubs.o ABSOLUTE
    _printf_truncate_unsigned                0x00000000   Number         0  stubs.o ABSOLUTE
    _printf_u                                0x00000000   Number         0  stubs.o ABSOLUTE
    _printf_wc                               0x00000000   Number         0  stubs.o ABSOLUTE
    _printf_wctomb                           0x00000000   Number         0  stubs.o ABSOLUTE
    _printf_widthprec                        0x00000000   Number         0  stubs.o ABSOLUTE
    _printf_x                                0x00000000   Number         0  stubs.o ABSOLUTE
    __cpp_initialize__aeabi_                  - Undefined Weak Reference
    __cxa_finalize                            - Undefined Weak Reference
    _clock_init                               - Undefined Weak Reference
    _microlib_exit                            - Undefined Weak Reference
    __Vectors_Size                           0x000000c0   Number         0  startup_stm32f042x6.o ABSOLUTE
    __Vectors                                0x08000000   Data           4  startup_stm32f042x6.o(RESET)
    __Vectors_End                            0x080000c0   Data           0  startup_stm32f042x6.o(RESET)
    __main                                   0x080000c1   Thumb Code     0  entry.o(.ARM.Collect$$$$00000000)
    _main_stk                                0x080000c1   Thumb Code     0  entry2.o(.ARM.Collect$$$$00000001)
    _main_scatterload                        0x080000c5   Thumb Code     0  entry5.o(.ARM.Collect$$$$00000004)
    __main_after_scatterload                 0x080000c9   Thumb Code     0  entry5.o(.ARM.Collect$$$$00000004)
    _main_clock                              0x080000c9   Thumb Code     0  entry7b.o(.ARM.Collect$$$$00000008)
    _main_cpp_init                           0x080000c9   Thumb Code     0  entry8b.o(.ARM.Collect$$$$0000000A)
    _main_init                               0x080000c9   Thumb Code     0  entry9a.o(.ARM.Collect$$$$0000000B)
    __rt_final_cpp                           0x080000d1   Thumb Code     0  entry10a.o(.ARM.Collect$$$$0000000D)
    __rt_final_exit                          0x080000d1   Thumb Code     0  entry11a.o(.ARM.Collect$$$$0000000F)
    Reset_Handler                            0x080000d5   Thumb Code    38  startup_stm32f042x6.o(.text)
    ADC1_IRQHandler                          0x08000105   Thumb Code     0  startup_stm32f042x6.o(.text)
    DMA1_Channel1_IRQHandler                 0x08000105   Thumb Code     0  startup_stm32f042x6.o(.text)
    DMA1_Channel2_3_IRQHandler               0x08000105   Thumb Code     0  startup_stm32f042x6.o(.text)
    DMA1_Channel4_5_IRQHandler               0x08000105   Thumb Code     0  startup_stm32f042x6.o(.text)
    EXTI0_1_IRQHandler                       0x08000105   Thumb Code     0  startup_stm32f042x6.o(.text)
    EXTI2_3_IRQHandler                       0x08000105   Thumb Code     0  startup_stm32f042x6.o(.text)
    EXTI4_15_IRQHandler                      0x08000105   Thumb Code     0  startup_stm32f042x6.o(.text)
    FLASH_IRQHandler                         0x08000105   Thumb Code     0  startup_stm32f042x6.o(.text)
    I2C1_IRQHandler                          0x08000105   Thumb Code     0  startup_stm32f042x6.o(.text)
    PVD_VDDIO2_IRQHandler                    0x08000105   Thumb Code     0  startup_stm32f042x6.o(.text)
    RCC_CRS_IRQHandler                       0x08000105   Thumb Code     0  startup_stm32f042x6.o(.text)
    RTC_IRQHandler                           0x08000105   Thumb Code     0  startup_stm32f042x6.o(.text)
    SPI1_IRQHandler                          0x08000105   Thumb Code     0  startup_stm32f042x6.o(.text)
    SPI2_IRQHandler                          0x08000105   Thumb Code     0  startup_stm32f042x6.o(.text)
    TIM14_IRQHandler                         0x08000105   Thumb Code     0  startup_stm32f042x6.o(.text)
    TIM16_IRQHandler                         0x08000105   Thumb Code     0  startup_stm32f042x6.o(.text)
    TIM17_IRQHandler                         0x08000105   Thumb Code     0  startup_stm32f042x6.o(.text)
    TIM1_BRK_UP_TRG_COM_IRQHandler           0x08000105   Thumb Code     0  startup_stm32f042x6.o(.text)
    TIM1_CC_IRQHandler                       0x08000105   Thumb Code     0  startup_stm32f042x6.o(.text)
    TIM3_IRQHandler                          0x08000105   Thumb Code     0  startup_stm32f042x6.o(.text)
    TSC_IRQHandler                           0x08000105   Thumb Code     0  startup_stm32f042x6.o(.text)
    USART1_IRQHandler                        0x08000105   Thumb Code     0  startup_stm32f042x6.o(.text)
    USART2_IRQHandler                        0x08000105   Thumb Code     0  startup_stm32f042x6.o(.text)
    USB_IRQHandler                           0x08000105   Thumb Code     0  startup_stm32f042x6.o(.text)
    WWDG_IRQHandler                          0x08000105   Thumb Code     0  startup_stm32f042x6.o(.text)
    __aeabi_uidiv                            0x0800012d   Thumb Code     0  uidiv.o(.text)
    __aeabi_uidivmod                         0x0800012d   Thumb Code    44  uidiv.o(.text)
    __aeabi_llsr                             0x08000159   Thumb Code    34  llushr.o(.text)
    _ll_ushift_r                             0x08000159   Thumb Code     0  llushr.o(.text)
    __aeabi_uread4                           0x0800017b   Thumb Code    20  uread4.o(.text)
    __rt_uread4                              0x0800017b   Thumb Code     0  uread4.o(.text)
    _uread4                                  0x0800017b   Thumb Code     0  uread4.o(.text)
    __aeabi_fadd                             0x0800018f   Thumb Code   162  fadd.o(.text)
    __aeabi_fsub                             0x08000231   Thumb Code     8  fadd.o(.text)
    __aeabi_frsub                            0x08000239   Thumb Code     8  fadd.o(.text)
    __aeabi_fmul                             0x08000241   Thumb Code   122  fmul.o(.text)
    __aeabi_fdiv                             0x080002bb   Thumb Code   124  fdiv.o(.text)
    __ARM_scalbnf                            0x08000337   Thumb Code    24  fscalb.o(.text)
    scalbnf                                  0x08000337   Thumb Code     0  fscalb.o(.text)
    __aeabi_dadd                             0x08000351   Thumb Code   328  dadd.o(.text)
    __aeabi_dsub                             0x08000499   Thumb Code    12  dadd.o(.text)
    __aeabi_drsub                            0x080004a5   Thumb Code    12  dadd.o(.text)
    __aeabi_dmul                             0x080004b5   Thumb Code   202  dmul.o(.text)
    __aeabi_ddiv                             0x08000585   Thumb Code   234  ddiv.o(.text)
    __aeabi_i2f                              0x08000675   Thumb Code    22  fflti.o(.text)
    __aeabi_ui2f                             0x0800068b   Thumb Code    14  ffltui.o(.text)
    __aeabi_f2d                              0x08000699   Thumb Code    40  f2d.o(.text)
    __aeabi_cdcmpeq                          0x080006c1   Thumb Code     0  cdcmple.o(.text)
    __aeabi_cdcmple                          0x080006c1   Thumb Code    38  cdcmple.o(.text)
    __aeabi_cdrcmple                         0x080006e9   Thumb Code    38  cdrcmple.o(.text)
    __aeabi_d2f                              0x08000711   Thumb Code    56  d2f.o(.text)
    __aeabi_cfcmpeq                          0x08000749   Thumb Code     0  cfcmple.o(.text)
    __aeabi_cfcmple                          0x08000749   Thumb Code    20  cfcmple.o(.text)
    __aeabi_llsl                             0x0800075d   Thumb Code    32  llshl.o(.text)
    _ll_shift_l                              0x0800075d   Thumb Code     0  llshl.o(.text)
    __aeabi_lasr                             0x0800077d   Thumb Code    38  llsshr.o(.text)
    _ll_sshift_r                             0x0800077d   Thumb Code     0  llsshr.o(.text)
    __I$use$fp                               0x080007a3   Thumb Code     0  iusefp.o(.text)
    _float_round                             0x080007a3   Thumb Code    16  fepilogue.o(.text)
    _float_epilogue                          0x080007b3   Thumb Code   114  fepilogue.o(.text)
    _double_round                            0x08000825   Thumb Code    26  depilogue.o(.text)
    _double_epilogue                         0x0800083f   Thumb Code   164  depilogue.o(.text)
    __ARM_scalbn                             0x080008e3   Thumb Code    44  dscalb.o(.text)
    scalbn                                   0x080008e3   Thumb Code     0  dscalb.o(.text)
    _dsqrt                                   0x0800090f   Thumb Code   162  dsqrt.o(.text)
    __scatterload                            0x080009b1   Thumb Code    28  init.o(.text)
    __scatterload_rt2                        0x080009b1   Thumb Code     0  init.o(.text)
    __decompress                             0x080009d5   Thumb Code     0  __dczerorl2.o(.text)
    __decompress1                            0x080009d5   Thumb Code    86  __dczerorl2.o(.text)
    CANSendMag                               0x08000a2d   Thumb Code    56  can.o(i.CANSendMag)
    CEC_CAN_IRQHandler                       0x08000b8d   Thumb Code    10  stm32f0xx_it.o(i.CEC_CAN_IRQHandler)
    HAL_CAN_ErrorCallback                    0x08000b9d   Thumb Code     2  stm32f0xx_hal_can.o(i.HAL_CAN_ErrorCallback)
    HAL_CAN_IRQHandler                       0x08000ba1   Thumb Code   484  stm32f0xx_hal_can.o(i.HAL_CAN_IRQHandler)
    HAL_CAN_Init                             0x08000d99   Thumb Code   300  stm32f0xx_hal_can.o(i.HAL_CAN_Init)
    HAL_CAN_MspInit                          0x08000ec5   Thumb Code    82  stm32f0xx_hal_msp.o(i.HAL_CAN_MspInit)
    HAL_CAN_RxCpltCallback                   0x08000f21   Thumb Code     2  stm32f0xx_hal_can.o(i.HAL_CAN_RxCpltCallback)
    HAL_CAN_Transmit                         0x08000f25   Thumb Code   414  stm32f0xx_hal_can.o(i.HAL_CAN_Transmit)
    HAL_CAN_TxCpltCallback                   0x080010d1   Thumb Code     2  stm32f0xx_hal_can.o(i.HAL_CAN_TxCpltCallback)
    HAL_Delay                                0x080010d3   Thumb Code    28  stm32f0xx_hal.o(i.HAL_Delay)
    HAL_GPIO_Init                            0x080010f1   Thumb Code   294  stm32f0xx_hal_gpio.o(i.HAL_GPIO_Init)
    HAL_GPIO_ReadPin                         0x0800122d   Thumb Code    10  stm32f0xx_hal_gpio.o(i.HAL_GPIO_ReadPin)
    HAL_GPIO_WritePin                        0x08001237   Thumb Code    12  stm32f0xx_hal_gpio.o(i.HAL_GPIO_WritePin)
    HAL_GetTick                              0x08001245   Thumb Code     6  stm32f0xx_hal.o(i.HAL_GetTick)
    HAL_IncTick                              0x08001251   Thumb Code    10  stm32f0xx_hal.o(i.HAL_IncTick)
    HAL_Init                                 0x08001261   Thumb Code    26  stm32f0xx_hal.o(i.HAL_Init)
    HAL_InitTick                             0x08001281   Thumb Code    34  stm32f0xx_hal.o(i.HAL_InitTick)
    HAL_MspInit                              0x080012a5   Thumb Code    74  stm32f0xx_hal_msp.o(i.HAL_MspInit)
    HAL_NVIC_EnableIRQ                       0x080012f9   Thumb Code    14  stm32f0xx_hal_cortex.o(i.HAL_NVIC_EnableIRQ)
    HAL_NVIC_SetPriority                     0x0800130d   Thumb Code     8  stm32f0xx_hal_cortex.o(i.HAL_NVIC_SetPriority)
    HAL_RCC_ClockConfig                      0x08001315   Thumb Code   320  stm32f0xx_hal_rcc.o(i.HAL_RCC_ClockConfig)
    HAL_RCC_GetHCLKFreq                      0x08001469   Thumb Code     6  stm32f0xx_hal_rcc.o(i.HAL_RCC_GetHCLKFreq)
    HAL_RCC_GetPCLK1Freq                     0x08001475   Thumb Code    20  stm32f0xx_hal_rcc.o(i.HAL_RCC_GetPCLK1Freq)
    HAL_RCC_GetSysClockFreq                  0x08001495   Thumb Code    90  stm32f0xx_hal_rcc.o(i.HAL_RCC_GetSysClockFreq)
    HAL_RCC_OscConfig                        0x0800151d   Thumb Code   966  stm32f0xx_hal_rcc.o(i.HAL_RCC_OscConfig)
    HAL_SPI_Init                             0x080018f5   Thumb Code   184  stm32f0xx_hal_spi.o(i.HAL_SPI_Init)
    HAL_SPI_MspInit                          0x080019ad   Thumb Code    58  stm32f0xx_hal_msp.o(i.HAL_SPI_MspInit)
    HAL_SPI_Receive                          0x080019f5   Thumb Code   344  stm32f0xx_hal_spi.o(i.HAL_SPI_Receive)
    HAL_SPI_Transmit                         0x08001b4d   Thumb Code   368  stm32f0xx_hal_spi.o(i.HAL_SPI_Transmit)
    HAL_SPI_TransmitReceive                  0x08001cbd   Thumb Code   584  stm32f0xx_hal_spi.o(i.HAL_SPI_TransmitReceive)
    HAL_SYSTICK_CLKSourceConfig              0x08001f05   Thumb Code    20  stm32f0xx_hal_cortex.o(i.HAL_SYSTICK_CLKSourceConfig)
    HAL_SYSTICK_Callback                     0x08001f1d   Thumb Code   920  timer.o(i.HAL_SYSTICK_Callback)
    HAL_SYSTICK_Config                       0x080022ed   Thumb Code    38  stm32f0xx_hal_cortex.o(i.HAL_SYSTICK_Config)
    HAL_SYSTICK_IRQHandler                   0x0800231d   Thumb Code     8  stm32f0xx_hal_cortex.o(i.HAL_SYSTICK_IRQHandler)
    HAL_TIMEx_BreakCallback                  0x08002325   Thumb Code     2  stm32f0xx_hal_tim_ex.o(i.HAL_TIMEx_BreakCallback)
    HAL_TIMEx_CommutationCallback            0x08002327   Thumb Code     2  stm32f0xx_hal_tim_ex.o(i.HAL_TIMEx_CommutationCallback)
    HAL_TIMEx_MasterConfigSynchronization    0x08002329   Thumb Code    72  stm32f0xx_hal_tim_ex.o(i.HAL_TIMEx_MasterConfigSynchronization)
    HAL_TIM_Base_Init                        0x08002371   Thumb Code    52  stm32f0xx_hal_tim.o(i.HAL_TIM_Base_Init)
    HAL_TIM_Base_MspInit                     0x080023a5   Thumb Code    46  stm32f0xx_hal_msp.o(i.HAL_TIM_Base_MspInit)
    HAL_TIM_ConfigClockSource                0x080023d9   Thumb Code   238  stm32f0xx_hal_tim.o(i.HAL_TIM_ConfigClockSource)
    HAL_TIM_IC_CaptureCallback               0x080024c7   Thumb Code     2  stm32f0xx_hal_tim.o(i.HAL_TIM_IC_CaptureCallback)
    HAL_TIM_IRQHandler                       0x080024c9   Thumb Code   354  stm32f0xx_hal_tim.o(i.HAL_TIM_IRQHandler)
    HAL_TIM_OC_DelayElapsedCallback          0x0800262b   Thumb Code     2  stm32f0xx_hal_tim.o(i.HAL_TIM_OC_DelayElapsedCallback)
    HAL_TIM_PWM_PulseFinishedCallback        0x0800262d   Thumb Code     2  stm32f0xx_hal_tim.o(i.HAL_TIM_PWM_PulseFinishedCallback)
    HAL_TIM_PeriodElapsedCallback            0x0800262f   Thumb Code     2  timer.o(i.HAL_TIM_PeriodElapsedCallback)
    HAL_TIM_TriggerCallback                  0x08002631   Thumb Code     2  stm32f0xx_hal_tim.o(i.HAL_TIM_TriggerCallback)
    HardFault_Handler                        0x08002633   Thumb Code     2  stm32f0xx_it.o(i.HardFault_Handler)
    IIC_Ack                                  0x08002635   Thumb Code    44  i2c.o(i.IIC_Ack)
    IIC_NAck                                 0x08002661   Thumb Code    44  i2c.o(i.IIC_NAck)
    IIC_Read_Byte                            0x0800268d   Thumb Code    84  i2c.o(i.IIC_Read_Byte)
    IIC_SCL                                  0x080026e5   Thumb Code    24  i2c.o(i.IIC_SCL)
    IIC_SDA                                  0x08002701   Thumb Code    24  i2c.o(i.IIC_SDA)
    IIC_Send_Byte                            0x0800271d   Thumb Code    66  i2c.o(i.IIC_Send_Byte)
    IIC_Start                                0x0800275f   Thumb Code    44  i2c.o(i.IIC_Start)
    IIC_Stop                                 0x0800278b   Thumb Code    44  i2c.o(i.IIC_Stop)
    IIC_Wait_Ack                             0x080027b9   Thumb Code    72  i2c.o(i.IIC_Wait_Ack)
    Kalman_Filter_pitch                      0x08002805   Thumb Code   364  kalman_filter.o(i.Kalman_Filter_pitch)
    Kalman_Filter_yaw                        0x0800298d   Thumb Code   400  kalman_filter.o(i.Kalman_Filter_yaw)
    NMI_Handler                              0x08002ca9   Thumb Code     2  stm32f0xx_it.o(i.NMI_Handler)
    PendSV_Handler                           0x08002cf1   Thumb Code     2  stm32f0xx_it.o(i.PendSV_Handler)
    SDA_IN                                   0x08002cf5   Thumb Code    50  i2c.o(i.SDA_IN)
    SDA_OUT                                  0x08002d31   Thumb Code    48  i2c.o(i.SDA_OUT)
    SVC_Handler                              0x08002f4f   Thumb Code     2  stm32f0xx_it.o(i.SVC_Handler)
    SysTick_Handler                          0x08002f51   Thumb Code    12  stm32f0xx_it.o(i.SysTick_Handler)
    SystemClock_Config                       0x08002f5d   Thumb Code    98  main.o(i.SystemClock_Config)
    SystemInit                               0x08002fc1   Thumb Code    78  system_stm32f0xx.o(i.SystemInit)
    TIM2_IRQHandler                          0x0800301d   Thumb Code    10  stm32f0xx_it.o(i.TIM2_IRQHandler)
    TIM_Base_SetConfig                       0x0800302d   Thumb Code   112  stm32f0xx_hal_tim.o(i.TIM_Base_SetConfig)
    TIM_ETR_SetConfig                        0x080030b1   Thumb Code    22  stm32f0xx_hal_tim.o(i.TIM_ETR_SetConfig)
    __ARM_clz                                0x0800311f   Thumb Code    46  depilogue.o(i.__ARM_clz)
    __ARM_fpclassify                         0x0800314d   Thumb Code    40  fpclassify.o(i.__ARM_fpclassify)
    __kernel_poly                            0x08003179   Thumb Code   172  poly.o(i.__kernel_poly)
    __mathlib_dbl_infnan                     0x08003225   Thumb Code    10  dunder.o(i.__mathlib_dbl_infnan)
    __mathlib_dbl_infnan2                    0x0800322f   Thumb Code     8  dunder.o(i.__mathlib_dbl_infnan2)
    __mathlib_dbl_underflow                  0x08003239   Thumb Code    14  dunder.o(i.__mathlib_dbl_underflow)
    __scatterload_copy                       0x0800324d   Thumb Code    14  handlers.o(i.__scatterload_copy)
    __scatterload_null                       0x0800325b   Thumb Code     2  handlers.o(i.__scatterload_null)
    __scatterload_zeroinit                   0x0800325d   Thumb Code    14  handlers.o(i.__scatterload_zeroinit)
    __set_errno                              0x0800326d   Thumb Code     6  errno.o(i.__set_errno)
    atan                                     0x08003279   Thumb Code   472  atan.o(i.atan)
    atan2                                    0x08003495   Thumb Code   334  atan2.o(i.atan2)
    delay_us                                 0x0800360d   Thumb Code    58  timer.o(i.delay_us)
    icm20602_get_accel                       0x08003651   Thumb Code    80  icm20602.o(i.icm20602_get_accel)
    icm20602_get_accel_adc                   0x080036a5   Thumb Code    68  icm20602.o(i.icm20602_get_accel_adc)
    icm20602_get_gyro                        0x080036e9   Thumb Code    80  icm20602.o(i.icm20602_get_gyro)
    icm20602_get_gyro_adc                    0x0800373d   Thumb Code    68  icm20602.o(i.icm20602_get_gyro_adc)
    icm20602_init                            0x08003781   Thumb Code   220  icm20602.o(i.icm20602_init)
    icm20602_set_accel_fullscale             0x080038ad   Thumb Code    62  icm20602.o(i.icm20602_set_accel_fullscale)
    icm20602_set_gyro_fullscale              0x080038f9   Thumb Code    56  icm20602.o(i.icm20602_set_gyro_fullscale)
    icm_offset_call                          0x08003989   Thumb Code    96  icm20602.o(i.icm_offset_call)
    invSqrt                                  0x080039ed   Thumb Code    46  madgwick_ahrs.o(i.invSqrt)
    ist8310Init                              0x08003a21   Thumb Code    94  ist8310.o(i.ist8310Init)
    ist8310_ReadBuffer                       0x08003a85   Thumb Code    86  ist8310.o(i.ist8310_ReadBuffer)
    ist8310_ReadOneByte                      0x08003adb   Thumb Code    62  ist8310.o(i.ist8310_ReadOneByte)
    ist8310_ReadProcess                      0x08003b19   Thumb Code   124  ist8310.o(i.ist8310_ReadProcess)
    ist8310_WriteOneByte                     0x08003b9d   Thumb Code    48  ist8310.o(i.ist8310_WriteOneByte)
    magYawCal                                0x08003bcd   Thumb Code   768  madgwick_ahrs.o(i.magYawCal)
    main                                     0x08003eed   Thumb Code    86  main.o(i.main)
    sqrt                                     0x08003f51   Thumb Code    66  sqrt.o(i.sqrt)
    AHBPrescTable                            0x08003f98   Data          16  system_stm32f0xx.o(.constdata)
    APBPrescTable                            0x08003fa8   Data           8  system_stm32f0xx.o(.constdata)
    __mathlib_zero                           0x08004048   Data           8  qnan.o(.constdata)
    Region$$Table$$Base                      0x08004050   Number         0  anon$$obj.o(Region$$Table)
    Region$$Table$$Limit                     0x08004070   Number         0  anon$$obj.o(Region$$Table)
    IMU_init_flag                            0x20000000   Data           1  main.o(.data)
    sys_clock                                0x20000004   Data           4  main.o(.data)
    hclk_clock                               0x20000008   Data           4  main.o(.data)
    pclk1_clock                              0x2000000c   Data           4  main.o(.data)
    ist8310_name                             0x20000018   Data           1  ist8310.o(.data)
    ist8310_reg1                             0x20000019   Data           1  ist8310.o(.data)
    ist8310_reg2                             0x2000001a   Data           1  ist8310.o(.data)
    mag_x_bias                               0x2000001c   Data           4  ist8310.o(.data)
    mag_y_bias                               0x20000020   Data           4  ist8310.o(.data)
    mag_z_bias                               0x20000024   Data           4  ist8310.o(.data)
    mag_x_scale                              0x20000028   Data           4  ist8310.o(.data)
    mag_y_scale                              0x2000002c   Data           4  ist8310.o(.data)
    mag_z_scale                              0x20000030   Data           4  ist8310.o(.data)
    spliceFlag                               0x20000038   Data           2  timer.o(.data)
    spliceCnt                                0x2000003a   Data           2  timer.o(.data)
    breakCnt                                 0x2000003c   Data           2  timer.o(.data)
    break_gyro_yaw                           0x2000003e   Data           2  timer.o(.data)
    comb_time_yaw                            0x20000040   Data           2  timer.o(.data)
    kalman_time_yaw                          0x20000042   Data           2  timer.o(.data)
    ms5                                      0x20000044   Data           2  timer.o(.data)
    acc_inti_norm                            0x20000048   Data           4  timer.o(.data)
    k_filter                                 0x2000004c   Data           4  timer.o(.data)
    combAngle                                0x20000050   Data           4  timer.o(.data)
    k_filter_pitch                           0x20000054   Data           4  timer.o(.data)
    combAngle_pitch                          0x20000058   Data           4  timer.o(.data)
    last_acc_pitch                           0x2000005c   Data           4  timer.o(.data)
    spliceYaw                                0x20000060   Data           4  timer.o(.data)
    k_com                                    0x20000064   Data           4  timer.o(.data)
    init_flag                                0x20000068   Data           4  timer.o(.data)
    pure_gyro_pitch                          0x2000006c   Data           4  timer.o(.data)
    pure_gyro_yaw                            0x20000070   Data           4  timer.o(.data)
    pure_acc_pitch                           0x20000074   Data           4  timer.o(.data)
    pitch_angle                              0x20000078   Data           4  timer.o(.data)
    yaw_angle                                0x2000007c   Data           4  timer.o(.data)
    acc_norm                                 0x20000080   Data           4  timer.o(.data)
    last_yaw_angle                           0x20000088   Data           8  timer.o(.data)
    last_yaw_angle2                          0x20000090   Data           8  timer.o(.data)
    spliceThrehold                           0x20000098   Data           8  timer.o(.data)
    last_pitch_angle                         0x200000a0   Data           8  timer.o(.data)
    last_pitch_angle2                        0x200000a8   Data           8  timer.o(.data)
    pitch_angle_dot                          0x200000b0   Data           4  timer.o(.data)
    yaw_angle_dot                            0x200000b4   Data           4  timer.o(.data)
    C_0_pitch                                0x200000b8   Data           1  kalman_filter.o(.data)
    C_0_yaw                                  0x200000b9   Data           1  kalman_filter.o(.data)
    dt                                       0x200000bc   Data           4  kalman_filter.o(.data)
    Q_angle_pitch                            0x200000c0   Data           4  kalman_filter.o(.data)
    Q_gyro_pitch                             0x200000c4   Data           4  kalman_filter.o(.data)
    R_angle_pitch                            0x200000c8   Data           4  kalman_filter.o(.data)
    K_bias                                   0x200000cc   Data           4  kalman_filter.o(.data)
    Q_angle_yaw                              0x200000d0   Data           4  kalman_filter.o(.data)
    Q_gyro_yaw                               0x200000d4   Data           4  kalman_filter.o(.data)
    R_angle_yaw                              0x200000d8   Data           4  kalman_filter.o(.data)
    test_bias                                0x200000dc   Data           4  kalman_filter.o(.data)
    Q_bias_pitch                             0x200000e0   Data           4  kalman_filter.o(.data)
    Angle_err_pitch                          0x200000e4   Data           4  kalman_filter.o(.data)
    PCt_0_pitch                              0x200000e8   Data           4  kalman_filter.o(.data)
    PCt_1_pitch                              0x200000ec   Data           4  kalman_filter.o(.data)
    E_pitch                                  0x200000f0   Data           4  kalman_filter.o(.data)
    K_0_pitch                                0x200000f4   Data           4  kalman_filter.o(.data)
    K_1_pitch                                0x200000f8   Data           4  kalman_filter.o(.data)
    t_0_pitch                                0x200000fc   Data           4  kalman_filter.o(.data)
    t_1_pitch                                0x20000100   Data           4  kalman_filter.o(.data)
    pitch_angle_est                          0x20000104   Data           4  kalman_filter.o(.data)
    Q_bias_yaw                               0x20000108   Data           4  kalman_filter.o(.data)
    Angle_err_yaw                            0x2000010c   Data           4  kalman_filter.o(.data)
    Bias_err_yaw                             0x20000110   Data           4  kalman_filter.o(.data)
    PCt_0_yaw                                0x20000114   Data           4  kalman_filter.o(.data)
    PCt_1_yaw                                0x20000118   Data           4  kalman_filter.o(.data)
    E_yaw                                    0x2000011c   Data           4  kalman_filter.o(.data)
    K_0_yaw                                  0x20000120   Data           4  kalman_filter.o(.data)
    K_1_yaw                                  0x20000124   Data           4  kalman_filter.o(.data)
    t_0_yaw                                  0x20000128   Data           4  kalman_filter.o(.data)
    t_1_yaw                                  0x2000012c   Data           4  kalman_filter.o(.data)
    timeMAX                                  0x20000130   Data           1  madgwick_ahrs.o(.data)
    isConvergence                            0x20000131   Data           1  madgwick_ahrs.o(.data)
    step_size                                0x20000134   Data           4  madgwick_ahrs.o(.data)
    repeatTimesMAX                           0x20000138   Data           4  madgwick_ahrs.o(.data)
    yaw_cycle                                0x2000013c   Data           4  madgwick_ahrs.o(.data)
    lamda                                    0x20000140   Data           4  madgwick_ahrs.o(.data)
    err_now                                  0x20000144   Data           4  madgwick_ahrs.o(.data)
    err_next                                 0x20000148   Data           4  madgwick_ahrs.o(.data)
    _x                                       0x2000014c   Data           4  madgwick_ahrs.o(.data)
    _y                                       0x20000150   Data           4  madgwick_ahrs.o(.data)
    _z                                       0x20000154   Data           4  madgwick_ahrs.o(.data)
    recipNorm                                0x20000158   Data           4  madgwick_ahrs.o(.data)
    last_yaw                                 0x2000015c   Data           4  madgwick_ahrs.o(.data)
    normal_err_lm                            0x20000160   Data           4  madgwick_ahrs.o(.data)
    err_first_lm                             0x20000164   Data           4  madgwick_ahrs.o(.data)
    _x1                                      0x20000168   Data           4  madgwick_ahrs.o(.data)
    _y1                                      0x2000016c   Data           4  madgwick_ahrs.o(.data)
    _z1                                      0x20000170   Data           4  madgwick_ahrs.o(.data)
    rotation_m_lm                            0x20000174   Data          36  madgwick_ahrs.o(.data)
    uwTick                                   0x20000198   Data           4  stm32f0xx_hal.o(.data)
    SystemCoreClock                          0x2000019c   Data           4  system_stm32f0xx.o(.data)
    hcan                                     0x200001a4   Data          68  main.o(.bss)
    hspi1                                    0x200001e8   Data         100  main.o(.bss)
    htim2                                    0x2000024c   Data          64  main.o(.bss)
    gyro_bias                                0x2000028c   Data          12  main.o(.bss)
    TxMessage                                0x20000298   Data          28  main.o(.bss)
    RxMessage                                0x200002b4   Data          36  main.o(.bss)
    mag_data                                 0x200002d8   Data          12  ist8310.o(.bss)
    icm_gyro                                 0x200002e4   Data          12  timer.o(.bss)
    icm_accel                                0x200002f0   Data          12  timer.o(.bss)
    Pdot_pitch                               0x200002fc   Data          16  kalman_filter.o(.bss)
    PP_pitch                                 0x2000030c   Data          16  kalman_filter.o(.bss)
    Pdot_yaw                                 0x2000031c   Data          16  kalman_filter.o(.bss)
    PP_yaw                                   0x2000032c   Data          16  kalman_filter.o(.bss)
    mag_attitude                             0x2000033c   Data          12  madgwick_ahrs.o(.bss)
    mag0                                     0x20000348   Data          12  madgwick_ahrs.o(.bss)
    rotation_m                               0x20000354   Data          36  madgwick_ahrs.o(.bss)
    rotation_m_result                        0x20000378   Data          36  madgwick_ahrs.o(.bss)
    err_lm                                   0x2000039c   Data          12  madgwick_ahrs.o(.bss)
    rotation_m_lm_asm                        0x200003a8   Data          36  madgwick_ahrs.o(.bss)
    delta_rotation                           0x200003cc   Data          36  madgwick_ahrs.o(.bss)
    H_lm                                     0x200003f0   Data         324  madgwick_ahrs.o(.bss)
    deltaF_lm                                0x20000534   Data          36  madgwick_ahrs.o(.bss)
    mag_attitude_lm                          0x20000558   Data          12  madgwick_ahrs.o(.bss)
    __initial_sp                             0x20000968   Data           0  startup_stm32f042x6.o(STACK)



==============================================================================

Memory Map of the image

  Image Entry point : 0x080000c1

  Load Region LR_IROM1 (Base: 0x08000000, Size: 0x00004214, Max: 0x00008000, ABSOLUTE, COMPRESSED[0x000040c4])

    Execution Region ER_IROM1 (Exec base: 0x08000000, Load base: 0x08000000, Size: 0x00004070, Max: 0x00008000, ABSOLUTE)

    Exec Addr    Load Addr    Size         Type   Attr      Idx    E Section Name        Object

    0x08000000   0x08000000   0x000000c0   Data   RO            3    RESET               startup_stm32f042x6.o
    0x080000c0   0x080000c0   0x00000000   Code   RO         3614  * .ARM.Collect$$$$00000000  mc_p.l(entry.o)
    0x080000c0   0x080000c0   0x00000004   Code   RO         3971    .ARM.Collect$$$$00000001  mc_p.l(entry2.o)
    0x080000c4   0x080000c4   0x00000004   Code   RO         3974    .ARM.Collect$$$$00000004  mc_p.l(entry5.o)
    0x080000c8   0x080000c8   0x00000000   Code   RO         3976    .ARM.Collect$$$$00000008  mc_p.l(entry7b.o)
    0x080000c8   0x080000c8   0x00000000   Code   RO         3978    .ARM.Collect$$$$0000000A  mc_p.l(entry8b.o)
    0x080000c8   0x080000c8   0x00000008   Code   RO         3979    .ARM.Collect$$$$0000000B  mc_p.l(entry9a.o)
    0x080000d0   0x080000d0   0x00000000   Code   RO         3981    .ARM.Collect$$$$0000000D  mc_p.l(entry10a.o)
    0x080000d0   0x080000d0   0x00000000   Code   RO         3983    .ARM.Collect$$$$0000000F  mc_p.l(entry11a.o)
    0x080000d0   0x080000d0   0x00000004   Code   RO         3972    .ARM.Collect$$$$00002712  mc_p.l(entry2.o)
    0x080000d4   0x080000d4   0x00000058   Code   RO            4    .text               startup_stm32f042x6.o
    0x0800012c   0x0800012c   0x0000002c   Code   RO         3617    .text               mc_p.l(uidiv.o)
    0x08000158   0x08000158   0x00000022   Code   RO         3619    .text               mc_p.l(llushr.o)
    0x0800017a   0x0800017a   0x00000014   Code   RO         3910    .text               mc_p.l(uread4.o)
    0x0800018e   0x0800018e   0x000000b2   Code   RO         3912    .text               mf_p.l(fadd.o)
    0x08000240   0x08000240   0x0000007a   Code   RO         3914    .text               mf_p.l(fmul.o)
    0x080002ba   0x080002ba   0x0000007c   Code   RO         3916    .text               mf_p.l(fdiv.o)
    0x08000336   0x08000336   0x00000018   Code   RO         3918    .text               mf_p.l(fscalb.o)
    0x0800034e   0x0800034e   0x00000002   PAD
    0x08000350   0x08000350   0x00000164   Code   RO         3920    .text               mf_p.l(dadd.o)
    0x080004b4   0x080004b4   0x000000d0   Code   RO         3922    .text               mf_p.l(dmul.o)
    0x08000584   0x08000584   0x000000f0   Code   RO         3924    .text               mf_p.l(ddiv.o)
    0x08000674   0x08000674   0x00000016   Code   RO         3926    .text               mf_p.l(fflti.o)
    0x0800068a   0x0800068a   0x0000000e   Code   RO         3928    .text               mf_p.l(ffltui.o)
    0x08000698   0x08000698   0x00000028   Code   RO         3930    .text               mf_p.l(f2d.o)
    0x080006c0   0x080006c0   0x00000028   Code   RO         3932    .text               mf_p.l(cdcmple.o)
    0x080006e8   0x080006e8   0x00000028   Code   RO         3934    .text               mf_p.l(cdrcmple.o)
    0x08000710   0x08000710   0x00000038   Code   RO         3936    .text               mf_p.l(d2f.o)
    0x08000748   0x08000748   0x00000014   Code   RO         3938    .text               mf_p.l(cfcmple.o)
    0x0800075c   0x0800075c   0x00000020   Code   RO         3990    .text               mc_p.l(llshl.o)
    0x0800077c   0x0800077c   0x00000026   Code   RO         3992    .text               mc_p.l(llsshr.o)
    0x080007a2   0x080007a2   0x00000000   Code   RO         4007    .text               mc_p.l(iusefp.o)
    0x080007a2   0x080007a2   0x00000082   Code   RO         4008    .text               mf_p.l(fepilogue.o)
    0x08000824   0x08000824   0x000000be   Code   RO         4010    .text               mf_p.l(depilogue.o)
    0x080008e2   0x080008e2   0x0000002c   Code   RO         4014    .text               mf_p.l(dscalb.o)
    0x0800090e   0x0800090e   0x000000a2   Code   RO         4016    .text               mf_p.l(dsqrt.o)
    0x080009b0   0x080009b0   0x00000024   Code   RO         4020    .text               mc_p.l(init.o)
    0x080009d4   0x080009d4   0x00000056   Code   RO         4032    .text               mc_p.l(__dczerorl2.o)
    0x08000a2a   0x08000a2a   0x00000002   PAD
    0x08000a2c   0x08000a2c   0x0000003c   Code   RO          470    i.CANSendMag        can.o
    0x08000a68   0x08000a68   0x00000122   Code   RO          744    i.CAN_Receive_IT    stm32f0xx_hal_can.o
    0x08000b8a   0x08000b8a   0x00000002   PAD
    0x08000b8c   0x08000b8c   0x00000010   Code   RO          499    i.CEC_CAN_IRQHandler  stm32f0xx_it.o
    0x08000b9c   0x08000b9c   0x00000002   Code   RO          747    i.HAL_CAN_ErrorCallback  stm32f0xx_hal_can.o
    0x08000b9e   0x08000b9e   0x00000002   PAD
    0x08000ba0   0x08000ba0   0x000001f8   Code   RO          750    i.HAL_CAN_IRQHandler  stm32f0xx_hal_can.o
    0x08000d98   0x08000d98   0x0000012c   Code   RO          751    i.HAL_CAN_Init      stm32f0xx_hal_can.o
    0x08000ec4   0x08000ec4   0x0000005c   Code   RO          602    i.HAL_CAN_MspInit   stm32f0xx_hal_msp.o
    0x08000f20   0x08000f20   0x00000002   Code   RO          756    i.HAL_CAN_RxCpltCallback  stm32f0xx_hal_can.o
    0x08000f22   0x08000f22   0x00000002   PAD
    0x08000f24   0x08000f24   0x000001ac   Code   RO          758    i.HAL_CAN_Transmit  stm32f0xx_hal_can.o
    0x080010d0   0x080010d0   0x00000002   Code   RO          760    i.HAL_CAN_TxCpltCallback  stm32f0xx_hal_can.o
    0x080010d2   0x080010d2   0x0000001c   Code   RO         2267    i.HAL_Delay         stm32f0xx_hal.o
    0x080010ee   0x080010ee   0x00000002   PAD
    0x080010f0   0x080010f0   0x0000013c   Code   RO         2876    i.HAL_GPIO_Init     stm32f0xx_hal_gpio.o
    0x0800122c   0x0800122c   0x0000000a   Code   RO         2878    i.HAL_GPIO_ReadPin  stm32f0xx_hal_gpio.o
    0x08001236   0x08001236   0x0000000c   Code   RO         2880    i.HAL_GPIO_WritePin  stm32f0xx_hal_gpio.o
    0x08001242   0x08001242   0x00000002   PAD
    0x08001244   0x08001244   0x0000000c   Code   RO         2271    i.HAL_GetTick       stm32f0xx_hal.o
    0x08001250   0x08001250   0x00000010   Code   RO         2275    i.HAL_IncTick       stm32f0xx_hal.o
    0x08001260   0x08001260   0x00000020   Code   RO         2276    i.HAL_Init          stm32f0xx_hal.o
    0x08001280   0x08001280   0x00000022   Code   RO         2277    i.HAL_InitTick      stm32f0xx_hal.o
    0x080012a2   0x080012a2   0x00000002   PAD
    0x080012a4   0x080012a4   0x00000054   Code   RO          603    i.HAL_MspInit       stm32f0xx_hal_msp.o
    0x080012f8   0x080012f8   0x00000014   Code   RO         3033    i.HAL_NVIC_EnableIRQ  stm32f0xx_hal_cortex.o
    0x0800130c   0x0800130c   0x00000008   Code   RO         3037    i.HAL_NVIC_SetPriority  stm32f0xx_hal_cortex.o
    0x08001314   0x08001314   0x00000154   Code   RO         2085    i.HAL_RCC_ClockConfig  stm32f0xx_hal_rcc.o
    0x08001468   0x08001468   0x0000000c   Code   RO         2090    i.HAL_RCC_GetHCLKFreq  stm32f0xx_hal_rcc.o
    0x08001474   0x08001474   0x00000020   Code   RO         2092    i.HAL_RCC_GetPCLK1Freq  stm32f0xx_hal_rcc.o
    0x08001494   0x08001494   0x00000088   Code   RO         2093    i.HAL_RCC_GetSysClockFreq  stm32f0xx_hal_rcc.o
    0x0800151c   0x0800151c   0x000003d8   Code   RO         2096    i.HAL_RCC_OscConfig  stm32f0xx_hal_rcc.o
    0x080018f4   0x080018f4   0x000000b8   Code   RO          876    i.HAL_SPI_Init      stm32f0xx_hal_spi.o
    0x080019ac   0x080019ac   0x00000048   Code   RO          605    i.HAL_SPI_MspInit   stm32f0xx_hal_msp.o
    0x080019f4   0x080019f4   0x00000158   Code   RO          879    i.HAL_SPI_Receive   stm32f0xx_hal_spi.o
    0x08001b4c   0x08001b4c   0x00000170   Code   RO          884    i.HAL_SPI_Transmit  stm32f0xx_hal_spi.o
    0x08001cbc   0x08001cbc   0x00000248   Code   RO          885    i.HAL_SPI_TransmitReceive  stm32f0xx_hal_spi.o
    0x08001f04   0x08001f04   0x00000018   Code   RO         3039    i.HAL_SYSTICK_CLKSourceConfig  stm32f0xx_hal_cortex.o
    0x08001f1c   0x08001f1c   0x000003d0   Code   RO          327    i.HAL_SYSTICK_Callback  timer.o
    0x080022ec   0x080022ec   0x00000030   Code   RO         3041    i.HAL_SYSTICK_Config  stm32f0xx_hal_cortex.o
    0x0800231c   0x0800231c   0x00000008   Code   RO         3042    i.HAL_SYSTICK_IRQHandler  stm32f0xx_hal_cortex.o
    0x08002324   0x08002324   0x00000002   Code   RO         1849    i.HAL_TIMEx_BreakCallback  stm32f0xx_hal_tim_ex.o
    0x08002326   0x08002326   0x00000002   Code   RO         1850    i.HAL_TIMEx_CommutationCallback  stm32f0xx_hal_tim_ex.o
    0x08002328   0x08002328   0x00000048   Code   RO         1866    i.HAL_TIMEx_MasterConfigSynchronization  stm32f0xx_hal_tim_ex.o
    0x08002370   0x08002370   0x00000034   Code   RO         1210    i.HAL_TIM_Base_Init  stm32f0xx_hal_tim.o
    0x080023a4   0x080023a4   0x00000034   Code   RO          607    i.HAL_TIM_Base_MspInit  stm32f0xx_hal_msp.o
    0x080023d8   0x080023d8   0x000000ee   Code   RO         1219    i.HAL_TIM_ConfigClockSource  stm32f0xx_hal_tim.o
    0x080024c6   0x080024c6   0x00000002   Code   RO         1241    i.HAL_TIM_IC_CaptureCallback  stm32f0xx_hal_tim.o
    0x080024c8   0x080024c8   0x00000162   Code   RO         1254    i.HAL_TIM_IRQHandler  stm32f0xx_hal_tim.o
    0x0800262a   0x0800262a   0x00000002   Code   RO         1257    i.HAL_TIM_OC_DelayElapsedCallback  stm32f0xx_hal_tim.o
    0x0800262c   0x0800262c   0x00000002   Code   RO         1284    i.HAL_TIM_PWM_PulseFinishedCallback  stm32f0xx_hal_tim.o
    0x0800262e   0x0800262e   0x00000002   Code   RO          328    i.HAL_TIM_PeriodElapsedCallback  timer.o
    0x08002630   0x08002630   0x00000002   Code   RO         1295    i.HAL_TIM_TriggerCallback  stm32f0xx_hal_tim.o
    0x08002632   0x08002632   0x00000002   Code   RO          500    i.HardFault_Handler  stm32f0xx_it.o
    0x08002634   0x08002634   0x0000002c   Code   RO          390    i.IIC_Ack           i2c.o
    0x08002660   0x08002660   0x0000002c   Code   RO          391    i.IIC_NAck          i2c.o
    0x0800268c   0x0800268c   0x00000058   Code   RO          392    i.IIC_Read_Byte     i2c.o
    0x080026e4   0x080026e4   0x0000001c   Code   RO          393    i.IIC_SCL           i2c.o
    0x08002700   0x08002700   0x0000001c   Code   RO          394    i.IIC_SDA           i2c.o
    0x0800271c   0x0800271c   0x00000042   Code   RO          395    i.IIC_Send_Byte     i2c.o
    0x0800275e   0x0800275e   0x0000002c   Code   RO          396    i.IIC_Start         i2c.o
    0x0800278a   0x0800278a   0x0000002c   Code   RO          397    i.IIC_Stop          i2c.o
    0x080027b6   0x080027b6   0x00000002   PAD
    0x080027b8   0x080027b8   0x0000004c   Code   RO          398    i.IIC_Wait_Ack      i2c.o
    0x08002804   0x08002804   0x00000188   Code   RO          560    i.Kalman_Filter_pitch  kalman_filter.o
    0x0800298c   0x0800298c   0x000001ac   Code   RO          561    i.Kalman_Filter_yaw  kalman_filter.o
    0x08002b38   0x08002b38   0x0000004c   Code   RO           12    i.MX_CAN_Init       main.o
    0x08002b84   0x08002b84   0x00000080   Code   RO           13    i.MX_GPIO_Init      main.o
    0x08002c04   0x08002c04   0x0000004c   Code   RO           14    i.MX_SPI1_Init      main.o
    0x08002c50   0x08002c50   0x00000058   Code   RO           15    i.MX_TIM2_Init      main.o
    0x08002ca8   0x08002ca8   0x00000002   Code   RO          501    i.NMI_Handler       stm32f0xx_it.o
    0x08002caa   0x08002caa   0x00000002   PAD
    0x08002cac   0x08002cac   0x00000044   Code   RO         3043    i.NVIC_SetPriority  stm32f0xx_hal_cortex.o
    0x08002cf0   0x08002cf0   0x00000002   Code   RO          502    i.PendSV_Handler    stm32f0xx_it.o
    0x08002cf2   0x08002cf2   0x00000002   PAD
    0x08002cf4   0x08002cf4   0x0000003c   Code   RO          399    i.SDA_IN            i2c.o
    0x08002d30   0x08002d30   0x00000038   Code   RO          400    i.SDA_OUT           i2c.o
    0x08002d68   0x08002d68   0x00000078   Code   RO          913    i.SPI_EndRxTransaction  stm32f0xx_hal_spi.o
    0x08002de0   0x08002de0   0x0000004c   Code   RO          914    i.SPI_EndRxTxTransaction  stm32f0xx_hal_spi.o
    0x08002e2c   0x08002e2c   0x00000096   Code   RO          919    i.SPI_WaitFifoStateUntilTimeout  stm32f0xx_hal_spi.o
    0x08002ec2   0x08002ec2   0x0000008c   Code   RO          920    i.SPI_WaitFlagStateUntilTimeout  stm32f0xx_hal_spi.o
    0x08002f4e   0x08002f4e   0x00000002   Code   RO          503    i.SVC_Handler       stm32f0xx_it.o
    0x08002f50   0x08002f50   0x0000000c   Code   RO          504    i.SysTick_Handler   stm32f0xx_it.o
    0x08002f5c   0x08002f5c   0x00000062   Code   RO           16    i.SystemClock_Config  main.o
    0x08002fbe   0x08002fbe   0x00000002   PAD
    0x08002fc0   0x08002fc0   0x0000005c   Code   RO         3450    i.SystemInit        system_stm32f0xx.o
    0x0800301c   0x0800301c   0x00000010   Code   RO          505    i.TIM2_IRQHandler   stm32f0xx_it.o
    0x0800302c   0x0800302c   0x00000084   Code   RO         1296    i.TIM_Base_SetConfig  stm32f0xx_hal_tim.o
    0x080030b0   0x080030b0   0x00000016   Code   RO         1303    i.TIM_ETR_SetConfig  stm32f0xx_hal_tim.o
    0x080030c6   0x080030c6   0x00000010   Code   RO         1304    i.TIM_ITRx_SetConfig  stm32f0xx_hal_tim.o
    0x080030d6   0x080030d6   0x00000022   Code   RO         1310    i.TIM_TI1_ConfigInputStage  stm32f0xx_hal_tim.o
    0x080030f8   0x080030f8   0x00000026   Code   RO         1312    i.TIM_TI2_ConfigInputStage  stm32f0xx_hal_tim.o
    0x0800311e   0x0800311e   0x0000002e   Code   RO         4012    i.__ARM_clz         mf_p.l(depilogue.o)
    0x0800314c   0x0800314c   0x0000002c   Code   RO         3966    i.__ARM_fpclassify  m_ps.l(fpclassify.o)
    0x08003178   0x08003178   0x000000ac   Code   RO         3968    i.__kernel_poly     m_ps.l(poly.o)
    0x08003224   0x08003224   0x0000000a   Code   RO         3953    i.__mathlib_dbl_infnan  m_ps.l(dunder.o)
    0x0800322e   0x0800322e   0x00000008   Code   RO         3954    i.__mathlib_dbl_infnan2  m_ps.l(dunder.o)
    0x08003236   0x08003236   0x00000002   PAD
    0x08003238   0x08003238   0x00000014   Code   RO         3958    i.__mathlib_dbl_underflow  m_ps.l(dunder.o)
    0x0800324c   0x0800324c   0x0000000e   Code   RO         4026    i.__scatterload_copy  mc_p.l(handlers.o)
    0x0800325a   0x0800325a   0x00000002   Code   RO         4027    i.__scatterload_null  mc_p.l(handlers.o)
    0x0800325c   0x0800325c   0x0000000e   Code   RO         4028    i.__scatterload_zeroinit  mc_p.l(handlers.o)
    0x0800326a   0x0800326a   0x00000002   PAD
    0x0800326c   0x0800326c   0x0000000c   Code   RO         4002    i.__set_errno       mc_p.l(errno.o)
    0x08003278   0x08003278   0x0000021c   Code   RO         3943    i.atan              m_ps.l(atan.o)
    0x08003494   0x08003494   0x00000178   Code   RO         3599    i.atan2             m_ps.l(atan2.o)
    0x0800360c   0x0800360c   0x00000044   Code   RO          329    i.delay_us          timer.o
    0x08003650   0x08003650   0x00000054   Code   RO          179    i.icm20602_get_accel  icm20602.o
    0x080036a4   0x080036a4   0x00000044   Code   RO          180    i.icm20602_get_accel_adc  icm20602.o
    0x080036e8   0x080036e8   0x00000054   Code   RO          181    i.icm20602_get_gyro  icm20602.o
    0x0800373c   0x0800373c   0x00000044   Code   RO          182    i.icm20602_get_gyro_adc  icm20602.o
    0x08003780   0x08003780   0x000000e4   Code   RO          184    i.icm20602_init     icm20602.o
    0x08003864   0x08003864   0x00000048   Code   RO          185    i.icm20602_read_buffer  icm20602.o
    0x080038ac   0x080038ac   0x0000004c   Code   RO          186    i.icm20602_set_accel_fullscale  icm20602.o
    0x080038f8   0x080038f8   0x00000050   Code   RO          187    i.icm20602_set_gyro_fullscale  icm20602.o
    0x08003948   0x08003948   0x00000040   Code   RO          188    i.icm20602_write_reg  icm20602.o
    0x08003988   0x08003988   0x00000064   Code   RO          189    i.icm_offset_call   icm20602.o
    0x080039ec   0x080039ec   0x00000034   Code   RO          707    i.invSqrt           madgwick_ahrs.o
    0x08003a20   0x08003a20   0x00000064   Code   RO          263    i.ist8310Init       ist8310.o
    0x08003a84   0x08003a84   0x00000056   Code   RO          264    i.ist8310_ReadBuffer  ist8310.o
    0x08003ada   0x08003ada   0x0000003e   Code   RO          265    i.ist8310_ReadOneByte  ist8310.o
    0x08003b18   0x08003b18   0x00000084   Code   RO          266    i.ist8310_ReadProcess  ist8310.o
    0x08003b9c   0x08003b9c   0x00000030   Code   RO          267    i.ist8310_WriteOneByte  ist8310.o
    0x08003bcc   0x08003bcc   0x00000320   Code   RO          708    i.magYawCal         madgwick_ahrs.o
    0x08003eec   0x08003eec   0x00000064   Code   RO           18    i.main              main.o
    0x08003f50   0x08003f50   0x00000048   Code   RO         3607    i.sqrt              m_ps.l(sqrt.o)
    0x08003f98   0x08003f98   0x00000010   Data   RO         3451    .constdata          system_stm32f0xx.o
    0x08003fa8   0x08003fa8   0x00000008   Data   RO         3452    .constdata          system_stm32f0xx.o
    0x08003fb0   0x08003fb0   0x00000098   Data   RO         3944    .constdata          m_ps.l(atan.o)
    0x08004048   0x08004048   0x00000008   Data   RO         3970    .constdata          m_ps.l(qnan.o)
    0x08004050   0x08004050   0x00000020   Data   RO         4024    Region$$Table       anon$$obj.o


    Execution Region RW_IRAM1 (Exec base: 0x20000000, Load base: 0x08004070, Size: 0x00000968, Max: 0x00001800, ABSOLUTE, COMPRESSED[0x00000054])

    Exec Addr    Load Addr    Size         Type   Attr      Idx    E Section Name        Object

    0x20000000   COMPRESSED   0x00000010   Data   RW           20    .data               main.o
    0x20000010   COMPRESSED   0x00000008   Data   RW          190    .data               icm20602.o
    0x20000018   COMPRESSED   0x0000001c   Data   RW          270    .data               ist8310.o
    0x20000034   COMPRESSED   0x00000004   PAD
    0x20000038   COMPRESSED   0x00000078   Data   RW          331    .data               timer.o
    0x200000b0   COMPRESSED   0x00000004   Data   RW          341    .data               timer.o
    0x200000b4   COMPRESSED   0x00000004   Data   RW          342    .data               timer.o
    0x200000b8   COMPRESSED   0x00000078   Data   RW          563    .data               kalman_filter.o
    0x20000130   COMPRESSED   0x00000068   Data   RW          713    .data               madgwick_ahrs.o
    0x20000198   COMPRESSED   0x00000004   Data   RW         2282    .data               stm32f0xx_hal.o
    0x2000019c   COMPRESSED   0x00000004   Data   RW         3453    .data               system_stm32f0xx.o
    0x200001a0   COMPRESSED   0x00000004   Data   RW         4003    .data               mc_p.l(errno.o)
    0x200001a4        -       0x00000134   Zero   RW           19    .bss                main.o
    0x200002d8        -       0x0000000c   Zero   RW          269    .bss                ist8310.o
    0x200002e4        -       0x00000018   Zero   RW          330    .bss                timer.o
    0x200002fc        -       0x00000040   Zero   RW          562    .bss                kalman_filter.o
    0x2000033c        -       0x00000228   Zero   RW          711    .bss                madgwick_ahrs.o
    0x20000564   COMPRESSED   0x00000004   PAD
    0x20000568        -       0x00000400   Zero   RW            1    STACK               startup_stm32f042x6.o


==============================================================================

Image component sizes


      Code (inc. data)   RO Data    RW Data    ZI Data      Debug   Object Name

        60          4          0          0          0        569   can.o
       578         34          0          0          0       5460   i2c.o
       924         76          0          8          0       6473   icm20602.o
       428         14          0         28         12       4601   ist8310.o
       820         56          0        120         64       3459   kalman_filter.o
       852         38          0        104        552       4813   madgwick_ahrs.o
       566         54          0         16        308     449338   main.o
        88         38        192          0       1024        616   startup_stm32f042x6.o
       122         18          0          4          0       3419   stm32f0xx_hal.o
      1528         34          0          0          0       5965   stm32f0xx_hal_can.o
       176         28          0          0          0       9808   stm32f0xx_hal_cortex.o
       338         22          0          0          0       2747   stm32f0xx_hal_gpio.o
       300         40          0          0          0       2529   stm32f0xx_hal_msp.o
      1504        102          0          0          0       4993   stm32f0xx_hal_rcc.o
      1966          0          0          0          0       9066   stm32f0xx_hal_spi.o
       894         20          0          0          0       8425   stm32f0xx_hal_tim.o
        76          0          0          0          0       2194   stm32f0xx_hal_tim_ex.o
        52         12          0          0          0       2778   stm32f0xx_it.o
        92         14         24          4          0       1051   system_stm32f0xx.o
      1046         66          0        128         24       4510   timer.o

    ----------------------------------------------------------------------
     12430        670        248        416       1988     532814   Object Totals
         0          0         32          0          0          0   (incl. Generated)
        20          0          0          4          4          0   (incl. Padding)

    ----------------------------------------------------------------------

      Code (inc. data)   RO Data    RW Data    ZI Data      Debug   Library Member Name

       540         68        152          0          0        112   atan.o
       376         42          0          0          0        144   atan2.o
        38          6          0          0          0        204   dunder.o
        44          4          0          0          0         60   fpclassify.o
       172          0          0          0          0         76   poly.o
         0          0          8          0          0          0   qnan.o
        72          6          0          0          0         76   sqrt.o
        86          0          0          0          0          0   __dczerorl2.o
         0          0          0          0          0          0   entry.o
         0          0          0          0          0          0   entry10a.o
         0          0          0          0          0          0   entry11a.o
         8          4          0          0          0          0   entry2.o
         4          0          0          0          0          0   entry5.o
         0          0          0          0          0          0   entry7b.o
         0          0          0          0          0          0   entry8b.o
         8          4          0          0          0          0   entry9a.o
        12          6          0          4          0         60   errno.o
        30          0          0          0          0          0   handlers.o
        36          8          0          0          0         68   init.o
         0          0          0          0          0          0   iusefp.o
        32          0          0          0          0         68   llshl.o
        38          0          0          0          0         68   llsshr.o
        34          0          0          0          0         68   llushr.o
        44          0          0          0          0         72   uidiv.o
        20          0          0          0          0         60   uread4.o
        40          2          0          0          0         68   cdcmple.o
        40          2          0          0          0         68   cdrcmple.o
        20          0          0          0          0         68   cfcmple.o
        56          0          0          0          0         68   d2f.o
       356          4          0          0          0        140   dadd.o
       240          6          0          0          0         84   ddiv.o
       236          0          0          0          0        216   depilogue.o
       208          6          0          0          0         88   dmul.o
        44          0          0          0          0         72   dscalb.o
       162          0          0          0          0         80   dsqrt.o
        40          0          0          0          0         60   f2d.o
       178          0          0          0          0        108   fadd.o
       124          0          0          0          0         72   fdiv.o
       130          0          0          0          0        144   fepilogue.o
        22          0          0          0          0         68   fflti.o
        14          0          0          0          0         68   ffltui.o
       122          0          0          0          0         72   fmul.o
        24          0          0          0          0         60   fscalb.o

    ----------------------------------------------------------------------
      3658        168        160          4          0       2740   Library Totals
         8          0          0          0          0          0   (incl. Padding)

    ----------------------------------------------------------------------

      Code (inc. data)   RO Data    RW Data    ZI Data      Debug   Library Name

      1242        126        160          0          0        672   m_ps.l
       352         22          0          4          0        464   mc_p.l
      2056         20          0          0          0       1604   mf_p.l

    ----------------------------------------------------------------------
      3658        168        160          4          0       2740   Library Totals

    ----------------------------------------------------------------------

==============================================================================


      Code (inc. data)   RO Data    RW Data    ZI Data      Debug   

     16088        838        408        420       1988     530034   Grand Totals
     16088        838        408         84       1988     530034   ELF Image Totals (compressed)
     16088        838        408         84          0          0   ROM Totals

==============================================================================

    Total RO  Size (Code + RO Data)                16496 (  16.11kB)
    Total RW  Size (RW Data + ZI Data)              2408 (   2.35kB)
    Total ROM Size (Code + RO Data + RW Data)      16580 (  16.19kB)

==============================================================================

